Oct 24 17:10:12 pkrvmuufc7wqmmx kernel: [    0.000000] Linux version 5.4.0-1094-azure (buildd@lcy02-amd64-108) (gcc version 7.5.0 (Ubuntu 7.5.0-3ubuntu1~18.04)) #100~18.04.1-Ubuntu SMP Mon Oct 17 11:44:30 UTC 2022 (Ubuntu 5.4.0-1094.100~18.04.1-azure 5.4.210)
Oct 24 17:10:12 pkrvmuufc7wqmmx kernel: [    0.000000] Command line: BOOT_IMAGE=/boot/vmlinuz-5.4.0-1094-azure root=UUID=898098a3-2c50-49fd-ac32-98a16d91c16b ro console=tty1 console=ttyS0 earlyprintk=ttyS0
Oct 24 17:10:12 pkrvmuufc7wqmmx kernel: [    0.000000] KERNEL supported cpus:
Oct 24 17:10:12 pkrvmuufc7wqmmx kernel: [    0.000000]   Intel GenuineIntel
Oct 24 17:10:12 pkrvmuufc7wqmmx kernel: [    0.000000]   AMD AuthenticAMD
Oct 24 17:10:12 pkrvmuufc7wqmmx kernel: [    0.000000]   Hygon HygonGenuine
Oct 24 17:10:12 pkrvmuufc7wqmmx kernel: [    0.000000]   Centaur CentaurHauls
Oct 24 17:10:12 pkrvmuufc7wqmmx kernel: [    0.000000]   zhaoxin   Shanghai  
Oct 24 17:10:12 pkrvmuufc7wqmmx kernel: [    0.000000] x86/fpu: Supporting XSAVE feature 0x001: 'x87 floating point registers'
Oct 24 17:10:12 pkrvmuufc7wqmmx kernel: [    0.000000] x86/fpu: Supporting XSAVE feature 0x002: 'SSE registers'
Oct 24 17:10:12 pkrvmuufc7wqmmx kernel: [    0.000000] x86/fpu: Supporting XSAVE feature 0x004: 'AVX registers'
Oct 24 17:10:12 pkrvmuufc7wqmmx kernel: [    0.000000] x86/fpu: Supporting XSAVE feature 0x020: 'AVX-512 opmask'
Oct 24 17:10:12 pkrvmuufc7wqmmx kernel: [    0.000000] x86/fpu: Supporting XSAVE feature 0x040: 'AVX-512 Hi256'
Oct 24 17:10:12 pkrvmuufc7wqmmx kernel: [    0.000000] x86/fpu: Supporting XSAVE feature 0x080: 'AVX-512 ZMM_Hi256'
Oct 24 17:10:12 pkrvmuufc7wqmmx kernel: [    0.000000] x86/fpu: xstate_offset[2]:  576, xstate_sizes[2]:  256
Oct 24 17:10:12 pkrvmuufc7wqmmx kernel: [    0.000000] x86/fpu: xstate_offset[5]:  832, xstate_sizes[5]:   64
Oct 24 17:10:12 pkrvmuufc7wqmmx kernel: [    0.000000] x86/fpu: xstate_offset[6]:  896, xstate_sizes[6]:  512
Oct 24 17:10:12 pkrvmuufc7wqmmx kernel: [    0.000000] x86/fpu: xstate_offset[7]: 1408, xstate_sizes[7]: 1024
Oct 24 17:10:12 pkrvmuufc7wqmmx kernel: [    0.000000] x86/fpu: Enabled xstate features 0xe7, context size is 2432 bytes, using 'compacted' format.
Oct 24 17:10:12 pkrvmuufc7wqmmx kernel: [    0.000000] BIOS-provided physical RAM map:
Oct 24 17:10:12 pkrvmuufc7wqmmx kernel: [    0.000000] BIOS-e820: [mem 0x0000000000000000-0x000000000009ffff] usable
Oct 24 17:10:12 pkrvmuufc7wqmmx kernel: [    0.000000] BIOS-e820: [mem 0x00000000000c0000-0x00000000000fffff] reserved
Oct 24 17:10:12 pkrvmuufc7wqmmx kernel: [    0.000000] BIOS-e820: [mem 0x0000000000100000-0x000000003ff40fff] usable
Oct 24 17:10:12 pkrvmuufc7wqmmx kernel: [    0.000000] BIOS-e820: [mem 0x000000003ff41000-0x000000003ffc8fff] reserved
Oct 24 17:10:12 pkrvmuufc7wqmmx kernel: [    0.000000] BIOS-e820: [mem 0x000000003ffc9000-0x000000003fffafff] ACPI data
Oct 24 17:10:12 pkrvmuufc7wqmmx kernel: [    0.000000] BIOS-e820: [mem 0x000000003fffb000-0x000000003fffefff] ACPI NVS
Oct 24 17:10:12 pkrvmuufc7wqmmx kernel: [    0.000000] BIOS-e820: [mem 0x000000003ffff000-0x000000003fffffff] usable
Oct 24 17:10:12 pkrvmuufc7wqmmx kernel: [    0.000000] BIOS-e820: [mem 0x0000000100000000-0x000000027fffffff] usable
Oct 24 17:10:12 pkrvmuufc7wqmmx kernel: [    0.000000] printk: bootconsole [earlyser0] enabled
Oct 24 17:10:12 pkrvmuufc7wqmmx kernel: [    0.000000] NX (Execute Disable) protection: active
Oct 24 17:10:12 pkrvmuufc7wqmmx kernel: [    0.000000] efi: EFI v2.70 by Microsoft
Oct 24 17:10:12 pkrvmuufc7wqmmx kernel: [    0.000000] efi:  ACPI=0x3fffa000  ACPI 2.0=0x3fffa014  SMBIOS=0x3ff85000  SMBIOS 3.0=0x3ff83000  MEMATTR=0x3f5caa98  MOKvar=0x3ee9c000 
Oct 24 17:10:12 pkrvmuufc7wqmmx kernel: [    0.000000] secureboot: Secure boot disabled
Oct 24 17:10:12 pkrvmuufc7wqmmx kernel: [    0.000000] SMBIOS 3.1.0 present.
Oct 24 17:10:12 pkrvmuufc7wqmmx kernel: [    0.000000] DMI: Microsoft Corporation Virtual Machine/Virtual Machine, BIOS Hyper-V UEFI Release v4.1 05/09/2022
Oct 24 17:10:12 pkrvmuufc7wqmmx kernel: [    0.000000] Hypervisor detected: Microsoft Hyper-V
Oct 24 17:10:12 pkrvmuufc7wqmmx kernel: [    0.000000] Hyper-V: features 0x2e7f, hints 0x60c2c, misc 0xed7b2
Oct 24 17:10:12 pkrvmuufc7wqmmx kernel: [    0.000000] Hyper-V Host Build:20348-10.0-1-0.1272
Oct 24 17:10:12 pkrvmuufc7wqmmx kernel: [    0.000000] Hyper-V: LAPIC Timer Frequency: 0xc3500
Oct 24 17:10:12 pkrvmuufc7wqmmx kernel: [    0.000000] tsc: Marking TSC unstable due to running on Hyper-V
Oct 24 17:10:12 pkrvmuufc7wqmmx kernel: [    0.000000] Hyper-V: Using hypercall for remote TLB flush
Oct 24 17:10:12 pkrvmuufc7wqmmx kernel: [    0.000000] clocksource: hyperv_clocksource_tsc_page: mask: 0xffffffffffffffff max_cycles: 0x24e6a1710, max_idle_ns: 440795202120 ns
Oct 24 17:10:12 pkrvmuufc7wqmmx kernel: [    0.000001] tsc: Detected 2593.906 MHz processor
Oct 24 17:10:12 pkrvmuufc7wqmmx kernel: [    0.001782] e820: update [mem 0x00000000-0x00000fff] usable ==> reserved
Oct 24 17:10:12 pkrvmuufc7wqmmx kernel: [    0.001783] e820: remove [mem 0x000a0000-0x000fffff] usable
Oct 24 17:10:12 pkrvmuufc7wqmmx kernel: [    0.001787] last_pfn = 0x280000 max_arch_pfn = 0x400000000
Oct 24 17:10:12 pkrvmuufc7wqmmx kernel: [    0.003928] MTRR default type: uncachable
Oct 24 17:10:12 pkrvmuufc7wqmmx kernel: [    0.003929] MTRR fixed ranges enabled:
Oct 24 17:10:12 pkrvmuufc7wqmmx kernel: [    0.003930]   00000-9FFFF write-back
Oct 24 17:10:12 pkrvmuufc7wqmmx kernel: [    0.003931]   A0000-FFFFF uncachable
Oct 24 17:10:12 pkrvmuufc7wqmmx kernel: [    0.003931] MTRR variable ranges enabled:
Oct 24 17:10:12 pkrvmuufc7wqmmx kernel: [    0.003932]   0 base 000000000000 mask 3FFFC0000000 write-back
Oct 24 17:10:12 pkrvmuufc7wqmmx kernel: [    0.003933]   1 base 000100000000 mask 3FF000000000 write-back
Oct 24 17:10:12 pkrvmuufc7wqmmx kernel: [    0.003934]   2 disabled
Oct 24 17:10:12 pkrvmuufc7wqmmx kernel: [    0.003934]   3 disabled
Oct 24 17:10:12 pkrvmuufc7wqmmx kernel: [    0.003934]   4 disabled
Oct 24 17:10:12 pkrvmuufc7wqmmx kernel: [    0.003935]   5 disabled
Oct 24 17:10:12 pkrvmuufc7wqmmx kernel: [    0.003935]   6 disabled
Oct 24 17:10:12 pkrvmuufc7wqmmx kernel: [    0.003935]   7 disabled
Oct 24 17:10:12 pkrvmuufc7wqmmx kernel: [    0.003945] x86/PAT: Configuration [0-7]: WB  WC  UC- UC  WB  WP  UC- WT  
Oct 24 17:10:12 pkrvmuufc7wqmmx kernel: [    0.006876] e820: update [mem 0x40000000-0xffffffff] usable ==> reserved
Oct 24 17:10:12 pkrvmuufc7wqmmx kernel: [    0.008154] last_pfn = 0x40000 max_arch_pfn = 0x400000000
Oct 24 17:10:12 pkrvmuufc7wqmmx kernel: [    0.023239] e820: update [mem 0x3ee9c000-0x3ee9cfff] usable ==> reserved
Oct 24 17:10:12 pkrvmuufc7wqmmx kernel: [    0.023255] check: Scanning 1 areas for low memory corruption
Oct 24 17:10:12 pkrvmuufc7wqmmx kernel: [    0.025596] Using GB pages for direct mapping
Oct 24 17:10:12 pkrvmuufc7wqmmx kernel: [    0.027564] secureboot: Secure boot disabled
Oct 24 17:10:12 pkrvmuufc7wqmmx kernel: [    0.029347] RAMDISK: [mem 0x2d094000-0x2ed74fff]
Oct 24 17:10:12 pkrvmuufc7wqmmx kernel: [    0.031139] ACPI: Early table checksum verification disabled
Oct 24 17:10:12 pkrvmuufc7wqmmx kernel: [    0.033361] ACPI: RSDP 0x000000003FFFA014 000024 (v02 VRTUAL)
Oct 24 17:10:12 pkrvmuufc7wqmmx kernel: [    0.035608] ACPI: XSDT 0x000000003FFF90E8 000064 (v01 VRTUAL MICROSFT 00000001 MSFT 00000001)
Oct 24 17:10:12 pkrvmuufc7wqmmx kernel: [    0.039048] ACPI: FACP 0x000000003FFF8000 000114 (v06 VRTUAL MICROSFT 00000001 MSFT 00000001)
Oct 24 17:10:12 pkrvmuufc7wqmmx kernel: [    0.042328] ACPI: DSDT 0x000000003FFD6000 01E184 (v02 MSFTVM DSDT01   00000001 MSFT 05000000)
Oct 24 17:10:12 pkrvmuufc7wqmmx kernel: [    0.045610] ACPI: FACS 0x000000003FFFE000 000040
Oct 24 17:10:12 pkrvmuufc7wqmmx kernel: [    0.047423] ACPI: OEM0 0x000000003FFF7000 000064 (v01 VRTUAL MICROSFT 00000001 MSFT 00000001)
Oct 24 17:10:12 pkrvmuufc7wqmmx kernel: [    0.051219] ACPI: SPCR 0x000000003FFF6000 000050 (v02 VRTUAL MICROSFT 00000001 MSFT 00000001)
Oct 24 17:10:12 pkrvmuufc7wqmmx kernel: [    0.054843] ACPI: WAET 0x000000003FFF5000 000028 (v01 VRTUAL MICROSFT 00000001 MSFT 00000001)
Oct 24 17:10:12 pkrvmuufc7wqmmx kernel: [    0.058123] ACPI: APIC 0x000000003FFD5000 000058 (v04 VRTUAL MICROSFT 00000001 MSFT 00000001)
Oct 24 17:10:12 pkrvmuufc7wqmmx kernel: [    0.061393] ACPI: SRAT 0x000000003FFD4000 000190 (v02 VRTUAL MICROSFT 00000001 MSFT 00000001)
Oct 24 17:10:12 pkrvmuufc7wqmmx kernel: [    0.064642] ACPI: BGRT 0x000000003FFD3000 000038 (v01 VRTUAL MICROSFT 00000001 MSFT 00000001)
Oct 24 17:10:12 pkrvmuufc7wqmmx kernel: [    0.067881] ACPI: FPDT 0x000000003FFD2000 000034 (v01 VRTUAL MICROSFT 00000001 MSFT 00000001)
Oct 24 17:10:12 pkrvmuufc7wqmmx kernel: [    0.071388] ACPI: Reserving FACP table memory at [mem 0x3fff8000-0x3fff8113]
Oct 24 17:10:12 pkrvmuufc7wqmmx kernel: [    0.074471] ACPI: Reserving DSDT table memory at [mem 0x3ffd6000-0x3fff4183]
Oct 24 17:10:12 pkrvmuufc7wqmmx kernel: [    0.077316] ACPI: Reserving FACS table memory at [mem 0x3fffe000-0x3fffe03f]
Oct 24 17:10:12 pkrvmuufc7wqmmx kernel: [    0.080229] ACPI: Reserving OEM0 table memory at [mem 0x3fff7000-0x3fff7063]
Oct 24 17:10:12 pkrvmuufc7wqmmx kernel: [    0.082895] ACPI: Reserving SPCR table memory at [mem 0x3fff6000-0x3fff604f]
Oct 24 17:10:12 pkrvmuufc7wqmmx kernel: [    0.085565] ACPI: Reserving WAET table memory at [mem 0x3fff5000-0x3fff5027]
Oct 24 17:10:12 pkrvmuufc7wqmmx kernel: [    0.088505] ACPI: Reserving APIC table memory at [mem 0x3ffd5000-0x3ffd5057]
Oct 24 17:10:12 pkrvmuufc7wqmmx kernel: [    0.091183] ACPI: Reserving SRAT table memory at [mem 0x3ffd4000-0x3ffd418f]
Oct 24 17:10:12 pkrvmuufc7wqmmx kernel: [    0.094169] ACPI: Reserving BGRT table memory at [mem 0x3ffd3000-0x3ffd3037]
Oct 24 17:10:12 pkrvmuufc7wqmmx kernel: [    0.096907] ACPI: Reserving FPDT table memory at [mem 0x3ffd2000-0x3ffd2033]
Oct 24 17:10:12 pkrvmuufc7wqmmx kernel: [    0.099712] ACPI: Local APIC address 0xfee00000
Oct 24 17:10:12 pkrvmuufc7wqmmx kernel: [    0.099797] SRAT: PXM 0 -> APIC 0x00 -> Node 0
Oct 24 17:10:12 pkrvmuufc7wqmmx kernel: [    0.101560] SRAT: PXM 0 -> APIC 0x01 -> Node 0
Oct 24 17:10:12 pkrvmuufc7wqmmx kernel: [    0.103387] ACPI: SRAT: Node 0 PXM 0 [mem 0x00000000-0x3fffffff] hotplug
Oct 24 17:10:12 pkrvmuufc7wqmmx kernel: [    0.106018] ACPI: SRAT: Node 0 PXM 0 [mem 0x100000000-0x27fffffff] hotplug
Oct 24 17:10:12 pkrvmuufc7wqmmx kernel: [    0.110328] ACPI: SRAT: Node 0 PXM 0 [mem 0x280200000-0xfdfffffff] hotplug
Oct 24 17:10:12 pkrvmuufc7wqmmx kernel: [    0.113507] ACPI: SRAT: Node 0 PXM 0 [mem 0x1000000000-0xffffffffff] hotplug
Oct 24 17:10:12 pkrvmuufc7wqmmx kernel: [    0.116180] ACPI: SRAT: Node 0 PXM 0 [mem 0x10000200000-0x1ffffffffff] hotplug
Oct 24 17:10:12 pkrvmuufc7wqmmx kernel: [    0.120058] ACPI: SRAT: Node 0 PXM 0 [mem 0x20000200000-0x3ffffffffff] hotplug
Oct 24 17:10:12 pkrvmuufc7wqmmx kernel: [    0.122945] ACPI: SRAT: Node 0 PXM 0 [mem 0x40000200000-0x7ffffffffff] hotplug
Oct 24 17:10:12 pkrvmuufc7wqmmx kernel: [    0.125696] ACPI: SRAT: Node 0 PXM 0 [mem 0x80000200000-0xfffffffffff] hotplug
Oct 24 17:10:12 pkrvmuufc7wqmmx kernel: [    0.128558] NUMA: Node 0 [mem 0x00000000-0x3fffffff] + [mem 0x100000000-0x27fffffff] -> [mem 0x00000000-0x27fffffff]
Oct 24 17:10:12 pkrvmuufc7wqmmx kernel: [    0.132638] NODE_DATA(0) allocated [mem 0x27ffd5000-0x27fffffff]
Oct 24 17:10:12 pkrvmuufc7wqmmx kernel: [    0.135735] Zone ranges:
Oct 24 17:10:12 pkrvmuufc7wqmmx kernel: [    0.136704]   DMA      [mem 0x0000000000001000-0x0000000000ffffff]
Oct 24 17:10:12 pkrvmuufc7wqmmx kernel: [    0.139152]   DMA32    [mem 0x0000000001000000-0x00000000ffffffff]
Oct 24 17:10:12 pkrvmuufc7wqmmx kernel: [    0.141534]   Normal   [mem 0x0000000100000000-0x000000027fffffff]
Oct 24 17:10:12 pkrvmuufc7wqmmx kernel: [    0.143876]   Device   empty
Oct 24 17:10:12 pkrvmuufc7wqmmx kernel: [    0.144967] Movable zone start for each node
Oct 24 17:10:12 pkrvmuufc7wqmmx kernel: [    0.146577] Early memory node ranges
Oct 24 17:10:12 pkrvmuufc7wqmmx kernel: [    0.148053]   node   0: [mem 0x0000000000001000-0x000000000009ffff]
Oct 24 17:10:12 pkrvmuufc7wqmmx kernel: [    0.150766]   node   0: [mem 0x0000000000100000-0x000000003ff40fff]
Oct 24 17:10:12 pkrvmuufc7wqmmx kernel: [    0.153192]   node   0: [mem 0x000000003ffff000-0x000000003fffffff]
Oct 24 17:10:12 pkrvmuufc7wqmmx kernel: [    0.155614]   node   0: [mem 0x0000000100000000-0x000000027fffffff]
Oct 24 17:10:12 pkrvmuufc7wqmmx kernel: [    0.158019] Zeroed struct page in unavailable ranges: 287 pages
Oct 24 17:10:12 pkrvmuufc7wqmmx kernel: [    0.158021] Initmem setup node 0 [mem 0x0000000000001000-0x000000027fffffff]
Oct 24 17:10:12 pkrvmuufc7wqmmx kernel: [    0.163511] On node 0 totalpages: 1834721
Oct 24 17:10:12 pkrvmuufc7wqmmx kernel: [    0.163512]   DMA zone: 64 pages used for memmap
Oct 24 17:10:12 pkrvmuufc7wqmmx kernel: [    0.163513]   DMA zone: 1345 pages reserved
Oct 24 17:10:12 pkrvmuufc7wqmmx kernel: [    0.163513]   DMA zone: 3999 pages, LIFO batch:0
Oct 24 17:10:12 pkrvmuufc7wqmmx kernel: [    0.163577]   DMA32 zone: 4030 pages used for memmap
Oct 24 17:10:12 pkrvmuufc7wqmmx kernel: [    0.163577]   DMA32 zone: 257858 pages, LIFO batch:63
Oct 24 17:10:12 pkrvmuufc7wqmmx kernel: [    0.170939]   Normal zone: 24576 pages used for memmap
Oct 24 17:10:12 pkrvmuufc7wqmmx kernel: [    0.170940]   Normal zone: 1572864 pages, LIFO batch:63
Oct 24 17:10:12 pkrvmuufc7wqmmx kernel: [    0.195022] ACPI: PM-Timer IO Port: 0x408
Oct 24 17:10:12 pkrvmuufc7wqmmx kernel: [    0.196763] ACPI: Local APIC address 0xfee00000
Oct 24 17:10:12 pkrvmuufc7wqmmx kernel: [    0.196772] ACPI: LAPIC_NMI (acpi_id[0x01] dfl dfl lint[0x1])
Oct 24 17:10:12 pkrvmuufc7wqmmx kernel: [    0.199346] IOAPIC[0]: apic_id 2, version 17, address 0xfec00000, GSI 0-23
Oct 24 17:10:12 pkrvmuufc7wqmmx kernel: [    0.202151] ACPI: INT_SRC_OVR (bus 0 bus_irq 9 global_irq 9 high level)
Oct 24 17:10:12 pkrvmuufc7wqmmx kernel: [    0.204926] ACPI: IRQ9 used by override.
Oct 24 17:10:12 pkrvmuufc7wqmmx kernel: [    0.204928] Using ACPI (MADT) for SMP configuration information
Oct 24 17:10:12 pkrvmuufc7wqmmx kernel: [    0.207318] ACPI: SPCR: console: uart,io,0x3f8,115200
Oct 24 17:10:12 pkrvmuufc7wqmmx kernel: [    0.209440] smpboot: Allowing 2 CPUs, 0 hotplug CPUs
Oct 24 17:10:12 pkrvmuufc7wqmmx kernel: [    0.211490] PM: Registered nosave memory: [mem 0x00000000-0x00000fff]
Oct 24 17:10:12 pkrvmuufc7wqmmx kernel: [    0.214006] PM: Registered nosave memory: [mem 0x000a0000-0x000bffff]
Oct 24 17:10:12 pkrvmuufc7wqmmx kernel: [    0.216603] PM: Registered nosave memory: [mem 0x000c0000-0x000fffff]
Oct 24 17:10:12 pkrvmuufc7wqmmx kernel: [    0.219174] PM: Registered nosave memory: [mem 0x3ee9c000-0x3ee9cfff]
Oct 24 17:10:12 pkrvmuufc7wqmmx kernel: [    0.221674] PM: Registered nosave memory: [mem 0x3ff41000-0x3ffc8fff]
Oct 24 17:10:12 pkrvmuufc7wqmmx kernel: [    0.224156] PM: Registered nosave memory: [mem 0x3ffc9000-0x3fffafff]
Oct 24 17:10:12 pkrvmuufc7wqmmx kernel: [    0.226637] PM: Registered nosave memory: [mem 0x3fffb000-0x3fffefff]
Oct 24 17:10:12 pkrvmuufc7wqmmx kernel: [    0.229281] PM: Registered nosave memory: [mem 0x40000000-0xffffffff]
Oct 24 17:10:12 pkrvmuufc7wqmmx kernel: [    0.233763] [mem 0x40000000-0xffffffff] available for PCI devices
Oct 24 17:10:12 pkrvmuufc7wqmmx kernel: [    0.236155] Booting paravirtualized kernel on Hyper-V
Oct 24 17:10:12 pkrvmuufc7wqmmx kernel: [    0.238065] clocksource: refined-jiffies: mask: 0xffffffff max_cycles: 0xffffffff, max_idle_ns: 7645519600211568 ns
Oct 24 17:10:12 pkrvmuufc7wqmmx kernel: [    0.242271] setup_percpu: NR_CPUS:8192 nr_cpumask_bits:2 nr_cpu_ids:2 nr_node_ids:1
Oct 24 17:10:12 pkrvmuufc7wqmmx kernel: [    0.245541] percpu: Embedded 58 pages/cpu s200704 r8192 d28672 u1048576
Oct 24 17:10:12 pkrvmuufc7wqmmx kernel: [    0.248204] pcpu-alloc: s200704 r8192 d28672 u1048576 alloc=1*2097152
Oct 24 17:10:12 pkrvmuufc7wqmmx kernel: [    0.248205] pcpu-alloc: [0] 0 1 
Oct 24 17:10:12 pkrvmuufc7wqmmx kernel: [    0.248222] Hyper-V: PV spinlocks enabled
Oct 24 17:10:12 pkrvmuufc7wqmmx kernel: [    0.249934] PV qspinlock hash table entries: 256 (order: 0, 4096 bytes, linear)
Oct 24 17:10:12 pkrvmuufc7wqmmx kernel: [    0.252863] Built 1 zonelists, mobility grouping on.  Total pages: 1804706
Oct 24 17:10:12 pkrvmuufc7wqmmx kernel: [    0.255471] Policy zone: Normal
Oct 24 17:10:12 pkrvmuufc7wqmmx kernel: [    0.256661] Kernel command line: BOOT_IMAGE=/boot/vmlinuz-5.4.0-1094-azure root=UUID=898098a3-2c50-49fd-ac32-98a16d91c16b ro console=tty1 console=ttyS0 earlyprintk=ttyS0
Oct 24 17:10:12 pkrvmuufc7wqmmx kernel: [    0.263738] Dentry cache hash table entries: 1048576 (order: 11, 8388608 bytes, linear)
Oct 24 17:10:12 pkrvmuufc7wqmmx kernel: [    0.267356] Inode-cache hash table entries: 524288 (order: 10, 4194304 bytes, linear)
Oct 24 17:10:12 pkrvmuufc7wqmmx kernel: [    0.270417] mem auto-init: stack:off, heap alloc:on, heap free:off
Oct 24 17:10:12 pkrvmuufc7wqmmx kernel: [    0.282166] Calgary: detecting Calgary via BIOS EBDA area
Oct 24 17:10:12 pkrvmuufc7wqmmx kernel: [    0.282167] Calgary: Unable to locate Rio Grande table in EBDA - bailing!
Oct 24 17:10:12 pkrvmuufc7wqmmx kernel: [    0.300731] Memory: 7067452K/7338884K available (14340K kernel code, 2307K rwdata, 8844K rodata, 2496K init, 5304K bss, 271432K reserved, 0K cma-reserved)
Oct 24 17:10:12 pkrvmuufc7wqmmx kernel: [    0.307263] SLUB: HWalign=64, Order=0-3, MinObjects=0, CPUs=2, Nodes=1
Oct 24 17:10:12 pkrvmuufc7wqmmx kernel: [    0.310130] Kernel/User page tables isolation: enabled
Oct 24 17:10:12 pkrvmuufc7wqmmx kernel: [    0.312289] ftrace: allocating 42085 entries in 165 pages
Oct 24 17:10:12 pkrvmuufc7wqmmx kernel: [    0.330886] rcu: Hierarchical RCU implementation.
Oct 24 17:10:12 pkrvmuufc7wqmmx kernel: [    0.332853] rcu: 	RCU restricting CPUs from NR_CPUS=8192 to nr_cpu_ids=2.
Oct 24 17:10:12 pkrvmuufc7wqmmx kernel: [    0.335599] 	Tasks RCU enabled.
Oct 24 17:10:12 pkrvmuufc7wqmmx kernel: [    0.336816] rcu: RCU calculated value of scheduler-enlistment delay is 25 jiffies.
Oct 24 17:10:12 pkrvmuufc7wqmmx kernel: [    0.339890] rcu: Adjusting geometry for rcu_fanout_leaf=16, nr_cpu_ids=2
Oct 24 17:10:12 pkrvmuufc7wqmmx kernel: [    0.346170] Using NULL legacy PIC
Oct 24 17:10:12 pkrvmuufc7wqmmx kernel: [    0.347730] NR_IRQS: 524544, nr_irqs: 440, preallocated irqs: 0
Oct 24 17:10:12 pkrvmuufc7wqmmx kernel: [    0.350387] random: crng init done
Oct 24 17:10:12 pkrvmuufc7wqmmx kernel: [    0.351751] Console: colour dummy device 80x25
Oct 24 17:10:12 pkrvmuufc7wqmmx kernel: [    0.353658] printk: console [tty1] enabled
Oct 24 17:10:12 pkrvmuufc7wqmmx kernel: [    0.355351] printk: console [ttyS0] enabled
Oct 24 17:10:12 pkrvmuufc7wqmmx kernel: [    0.358842] printk: bootconsole [earlyser0] disabled
Oct 24 17:10:12 pkrvmuufc7wqmmx kernel: [    0.362908] ACPI: Core revision 20190816
Oct 24 17:10:12 pkrvmuufc7wqmmx kernel: [    0.364650] Failed to register legacy timer interrupt
Oct 24 17:10:12 pkrvmuufc7wqmmx kernel: [    0.366663] APIC: Switch to symmetric I/O mode setup
Oct 24 17:10:12 pkrvmuufc7wqmmx kernel: [    0.368814] Hyper-V: Using IPI hypercalls
Oct 24 17:10:12 pkrvmuufc7wqmmx kernel: [    0.370512] Hyper-V: Using enlightened APIC (xapic mode)
Oct 24 17:10:12 pkrvmuufc7wqmmx kernel: [    0.370568] Calibrating delay loop (skipped), value calculated using timer frequency.. 5187.81 BogoMIPS (lpj=10375624)
Oct 24 17:10:12 pkrvmuufc7wqmmx kernel: [    0.374572] pid_max: default: 32768 minimum: 301
Oct 24 17:10:12 pkrvmuufc7wqmmx kernel: [    0.377036] LSM: Security Framework initializing
Oct 24 17:10:12 pkrvmuufc7wqmmx kernel: [    0.378575] Yama: becoming mindful.
Oct 24 17:10:12 pkrvmuufc7wqmmx kernel: [    0.380043] AppArmor: AppArmor initialized
Oct 24 17:10:12 pkrvmuufc7wqmmx kernel: [    0.381763] Mount-cache hash table entries: 16384 (order: 5, 131072 bytes, linear)
Oct 24 17:10:12 pkrvmuufc7wqmmx kernel: [    0.382579] Mountpoint-cache hash table entries: 16384 (order: 5, 131072 bytes, linear)
Oct 24 17:10:12 pkrvmuufc7wqmmx kernel: [    0.386089] *** VALIDATE tmpfs ***
Oct 24 17:10:12 pkrvmuufc7wqmmx kernel: [    0.386714] *** VALIDATE proc ***
Oct 24 17:10:12 pkrvmuufc7wqmmx kernel: [    0.388121] *** VALIDATE cgroup1 ***
Oct 24 17:10:12 pkrvmuufc7wqmmx kernel: [    0.389561] *** VALIDATE cgroup2 ***
Oct 24 17:10:12 pkrvmuufc7wqmmx kernel: [    0.391888] Last level iTLB entries: 4KB 64, 2MB 8, 4MB 8
Oct 24 17:10:12 pkrvmuufc7wqmmx kernel: [    0.394075] Last level dTLB entries: 4KB 64, 2MB 0, 4MB 0, 1GB 4
Oct 24 17:10:12 pkrvmuufc7wqmmx kernel: [    0.394570] Spectre V1 : Mitigation: usercopy/swapgs barriers and __user pointer sanitization
Oct 24 17:10:12 pkrvmuufc7wqmmx kernel: [    0.398112] Spectre V2 : Mitigation: Retpolines
Oct 24 17:10:12 pkrvmuufc7wqmmx kernel: [    0.398567] Spectre V2 : Spectre v2 / SpectreRSB mitigation: Filling RSB on context switch
Oct 24 17:10:12 pkrvmuufc7wqmmx kernel: [    0.401842] Speculative Store Bypass: Vulnerable
Oct 24 17:10:12 pkrvmuufc7wqmmx kernel: [    0.402574] MDS: Mitigation: Clear CPU buffers
Oct 24 17:10:12 pkrvmuufc7wqmmx kernel: [    0.404319] TAA: Mitigation: Clear CPU buffers
Oct 24 17:10:12 pkrvmuufc7wqmmx kernel: [    0.406107] MMIO Stale Data: Vulnerable: Clear CPU buffers attempted, no microcode
Oct 24 17:10:12 pkrvmuufc7wqmmx kernel: [    0.406822] Freeing SMP alternatives memory: 40K
Oct 24 17:10:12 pkrvmuufc7wqmmx kernel: [    0.409702] smpboot: CPU0: Intel(R) Xeon(R) Platinum 8272CL CPU @ 2.60GHz (family: 0x6, model: 0x55, stepping: 0x7)
Oct 24 17:10:12 pkrvmuufc7wqmmx kernel: [    0.410688] Performance Events: unsupported p6 CPU model 85 no PMU driver, software events only.
Oct 24 17:10:12 pkrvmuufc7wqmmx kernel: [    0.414253] rcu: Hierarchical SRCU implementation.
Oct 24 17:10:12 pkrvmuufc7wqmmx kernel: [    0.415351] NMI watchdog: Perf NMI watchdog permanently disabled
Oct 24 17:10:12 pkrvmuufc7wqmmx kernel: [    0.417740] smp: Bringing up secondary CPUs ...
Oct 24 17:10:12 pkrvmuufc7wqmmx kernel: [    0.418683] x86: Booting SMP configuration:
Oct 24 17:10:12 pkrvmuufc7wqmmx kernel: [    0.420443] .... node  #0, CPUs:      #1
Oct 24 17:10:12 pkrvmuufc7wqmmx kernel: [    0.420800] smp: Brought up 1 node, 2 CPUs
Oct 24 17:10:12 pkrvmuufc7wqmmx kernel: [    0.422571] smpboot: Max logical packages: 1
Oct 24 17:10:12 pkrvmuufc7wqmmx kernel: [    0.424263] smpboot: Total of 2 processors activated (10375.62 BogoMIPS)
Oct 24 17:10:12 pkrvmuufc7wqmmx kernel: [    0.427007] devtmpfs: initialized
Oct 24 17:10:12 pkrvmuufc7wqmmx kernel: [    0.427992] x86/mm: Memory block size: 128MB
Oct 24 17:10:12 pkrvmuufc7wqmmx kernel: [    0.430877] PM: Registering ACPI NVS region [mem 0x3fffb000-0x3fffefff] (16384 bytes)
Oct 24 17:10:12 pkrvmuufc7wqmmx kernel: [    0.434644] clocksource: jiffies: mask: 0xffffffff max_cycles: 0xffffffff, max_idle_ns: 7645041785100000 ns
Oct 24 17:10:12 pkrvmuufc7wqmmx kernel: [    0.438580] futex hash table entries: 512 (order: 3, 32768 bytes, linear)
Oct 24 17:10:12 pkrvmuufc7wqmmx kernel: [    0.441335] pinctrl core: initialized pinctrl subsystem
Oct 24 17:10:12 pkrvmuufc7wqmmx kernel: [    0.442886] PM: RTC time: 11:12:03, date: 2022-10-24
Oct 24 17:10:12 pkrvmuufc7wqmmx kernel: [    0.445083] NET: Registered protocol family 16
Oct 24 17:10:12 pkrvmuufc7wqmmx kernel: [    0.446650] audit: initializing netlink subsys (disabled)
Oct 24 17:10:12 pkrvmuufc7wqmmx kernel: [    0.448789] audit: type=2000 audit(1666609923.076:1): state=initialized audit_enabled=0 res=1
Oct 24 17:10:12 pkrvmuufc7wqmmx kernel: [    0.448789] EISA bus registered
Oct 24 17:10:12 pkrvmuufc7wqmmx kernel: [    0.451829] cpuidle: using governor ladder
Oct 24 17:10:12 pkrvmuufc7wqmmx kernel: [    0.452271] cpuidle: using governor menu
Oct 24 17:10:12 pkrvmuufc7wqmmx kernel: [    0.454624] ACPI: bus type PCI registered
Oct 24 17:10:12 pkrvmuufc7wqmmx kernel: [    0.456247] acpiphp: ACPI Hot Plug PCI Controller Driver version: 0.5
Oct 24 17:10:12 pkrvmuufc7wqmmx kernel: [    0.460073] HugeTLB registered 1.00 GiB page size, pre-allocated 0 pages
Oct 24 17:10:12 pkrvmuufc7wqmmx kernel: [    0.462571] HugeTLB registered 2.00 MiB page size, pre-allocated 0 pages
Oct 24 17:10:12 pkrvmuufc7wqmmx kernel: [    0.466630] ACPI: Added _OSI(Module Device)
Oct 24 17:10:12 pkrvmuufc7wqmmx kernel: [    0.468355] ACPI: Added _OSI(Processor Device)
Oct 24 17:10:12 pkrvmuufc7wqmmx kernel: [    0.470578] ACPI: Added _OSI(3.0 _SCP Extensions)
Oct 24 17:10:12 pkrvmuufc7wqmmx kernel: [    0.472655] ACPI: Added _OSI(Processor Aggregator Device)
Oct 24 17:10:12 pkrvmuufc7wqmmx kernel: [    0.474572] ACPI: Added _OSI(Linux-Dell-Video)
Oct 24 17:10:12 pkrvmuufc7wqmmx kernel: [    0.476305] ACPI: Added _OSI(Linux-Lenovo-NV-HDMI-Audio)
Oct 24 17:10:12 pkrvmuufc7wqmmx kernel: [    0.478405] ACPI: Added _OSI(Linux-HPI-Hybrid-Graphics)
Oct 24 17:10:12 pkrvmuufc7wqmmx kernel: [    0.484415] ACPI: 1 ACPI AML tables successfully acquired and loaded
Oct 24 17:10:12 pkrvmuufc7wqmmx kernel: [    0.487267] ACPI: Interpreter enabled
Oct 24 17:10:12 pkrvmuufc7wqmmx kernel: [    0.488851] ACPI: (supports S0 S5)
Oct 24 17:10:12 pkrvmuufc7wqmmx kernel: [    0.490293] ACPI: Using IOAPIC for interrupt routing
Oct 24 17:10:12 pkrvmuufc7wqmmx kernel: [    0.490590] PCI: Using host bridge windows from ACPI; if necessary, use "pci=nocrs" and report a bug
Oct 24 17:10:12 pkrvmuufc7wqmmx kernel: [    0.494225] ACPI: Enabled 1 GPEs in block 00 to 0F
Oct 24 17:10:12 pkrvmuufc7wqmmx kernel: [    0.495282] iommu: Default domain type: Translated 
Oct 24 17:10:12 pkrvmuufc7wqmmx kernel: [    0.495282] SCSI subsystem initialized
Oct 24 17:10:12 pkrvmuufc7wqmmx kernel: [    0.498594] libata version 3.00 loaded.
Oct 24 17:10:12 pkrvmuufc7wqmmx kernel: [    0.498600] vgaarb: loaded
Oct 24 17:10:12 pkrvmuufc7wqmmx kernel: [    0.499798] ACPI: bus type USB registered
Oct 24 17:10:12 pkrvmuufc7wqmmx kernel: [    0.501382] usbcore: registered new interface driver usbfs
Oct 24 17:10:12 pkrvmuufc7wqmmx kernel: [    0.502581] usbcore: registered new interface driver hub
Oct 24 17:10:12 pkrvmuufc7wqmmx kernel: [    0.504798] usbcore: registered new device driver usb
Oct 24 17:10:12 pkrvmuufc7wqmmx kernel: [    0.506588] pps_core: LinuxPPS API ver. 1 registered
Oct 24 17:10:12 pkrvmuufc7wqmmx kernel: [    0.508556] pps_core: Software ver. 5.3.6 - Copyright 2005-2007 Rodolfo Giometti <giometti@linux.it>
Oct 24 17:10:12 pkrvmuufc7wqmmx kernel: [    0.510569] PTP clock support registered
Oct 24 17:10:12 pkrvmuufc7wqmmx kernel: [    0.512291] EDAC MC: Ver: 3.0.0
Oct 24 17:10:12 pkrvmuufc7wqmmx kernel: [    0.512291] Registered efivars operations
Oct 24 17:10:12 pkrvmuufc7wqmmx kernel: [    0.514671] hv_vmbus: Vmbus version:4.0
Oct 24 17:10:12 pkrvmuufc7wqmmx kernel: [    0.516167] PCI: Using ACPI for IRQ routing
Oct 24 17:10:12 pkrvmuufc7wqmmx kernel: [    0.516276] PCI: System does not support PCI
Oct 24 17:10:12 pkrvmuufc7wqmmx kernel: [    0.518571] NetLabel: Initializing
Oct 24 17:10:12 pkrvmuufc7wqmmx kernel: [    0.518571] NetLabel:  domain hash size = 128
Oct 24 17:10:12 pkrvmuufc7wqmmx kernel: [    0.520278] NetLabel:  protocols = UNLABELED CIPSOv4 CALIPSO
Oct 24 17:10:12 pkrvmuufc7wqmmx kernel: [    0.522509] NetLabel:  unlabeled traffic allowed by default
Oct 24 17:10:12 pkrvmuufc7wqmmx kernel: [    0.526643] clocksource: Switched to clocksource hyperv_clocksource_tsc_page
Oct 24 17:10:12 pkrvmuufc7wqmmx kernel: [    0.541907] *** VALIDATE bpf ***
Oct 24 17:10:12 pkrvmuufc7wqmmx kernel: [    0.543475] VFS: Disk quotas dquot_6.6.0
Oct 24 17:10:12 pkrvmuufc7wqmmx kernel: [    0.545032] VFS: Dquot-cache hash table entries: 512 (order 0, 4096 bytes)
Oct 24 17:10:12 pkrvmuufc7wqmmx kernel: [    0.547757] *** VALIDATE ramfs ***
Oct 24 17:10:12 pkrvmuufc7wqmmx kernel: [    0.549097] *** VALIDATE hugetlbfs ***
Oct 24 17:10:12 pkrvmuufc7wqmmx kernel: [    0.550660] AppArmor: AppArmor Filesystem Enabled
Oct 24 17:10:12 pkrvmuufc7wqmmx kernel: [    0.552503] pnp: PnP ACPI init
Oct 24 17:10:12 pkrvmuufc7wqmmx kernel: [    0.553770] pnp 00:00: Plug and Play ACPI device, IDs PNP0501 (active)
Oct 24 17:10:12 pkrvmuufc7wqmmx kernel: [    0.553786] pnp 00:01: Plug and Play ACPI device, IDs PNP0501 (active)
Oct 24 17:10:12 pkrvmuufc7wqmmx kernel: [    0.553801] pnp 00:02: Plug and Play ACPI device, IDs PNP0b00 (active)
Oct 24 17:10:12 pkrvmuufc7wqmmx kernel: [    0.553812] pnp: PnP ACPI: found 3 devices
Oct 24 17:10:12 pkrvmuufc7wqmmx kernel: [    0.557837] thermal_sys: Registered thermal governor 'fair_share'
Oct 24 17:10:12 pkrvmuufc7wqmmx kernel: [    0.557838] thermal_sys: Registered thermal governor 'bang_bang'
Oct 24 17:10:12 pkrvmuufc7wqmmx kernel: [    0.560336] thermal_sys: Registered thermal governor 'step_wise'
Oct 24 17:10:12 pkrvmuufc7wqmmx kernel: [    0.562678] thermal_sys: Registered thermal governor 'user_space'
Oct 24 17:10:12 pkrvmuufc7wqmmx kernel: [    0.565010] thermal_sys: Registered thermal governor 'power_allocator'
Oct 24 17:10:12 pkrvmuufc7wqmmx kernel: [    0.571894] clocksource: acpi_pm: mask: 0xffffff max_cycles: 0xffffff, max_idle_ns: 2085701024 ns
Oct 24 17:10:12 pkrvmuufc7wqmmx kernel: [    0.578062] NET: Registered protocol family 2
Oct 24 17:10:12 pkrvmuufc7wqmmx kernel: [    0.580002] IP idents hash table entries: 131072 (order: 8, 1048576 bytes, linear)
Oct 24 17:10:12 pkrvmuufc7wqmmx kernel: [    0.583822] tcp_listen_portaddr_hash hash table entries: 4096 (order: 4, 65536 bytes, linear)
Oct 24 17:10:12 pkrvmuufc7wqmmx kernel: [    0.587290] TCP established hash table entries: 65536 (order: 7, 524288 bytes, linear)
Oct 24 17:10:12 pkrvmuufc7wqmmx kernel: [    0.590793] TCP bind hash table entries: 65536 (order: 8, 1048576 bytes, linear)
Oct 24 17:10:12 pkrvmuufc7wqmmx kernel: [    0.593763] TCP: Hash tables configured (established 65536 bind 65536)
Oct 24 17:10:12 pkrvmuufc7wqmmx kernel: [    0.596655] UDP hash table entries: 4096 (order: 5, 131072 bytes, linear)
Oct 24 17:10:12 pkrvmuufc7wqmmx kernel: [    0.599497] UDP-Lite hash table entries: 4096 (order: 5, 131072 bytes, linear)
Oct 24 17:10:12 pkrvmuufc7wqmmx kernel: [    0.602476] NET: Registered protocol family 1
Oct 24 17:10:12 pkrvmuufc7wqmmx kernel: [    0.604392] NET: Registered protocol family 44
Oct 24 17:10:12 pkrvmuufc7wqmmx kernel: [    0.606205] PCI: CLS 0 bytes, default 64
Oct 24 17:10:12 pkrvmuufc7wqmmx kernel: [    0.607869] Trying to unpack rootfs image as initramfs...
Oct 24 17:10:12 pkrvmuufc7wqmmx kernel: [    1.029799] Freeing initrd memory: 29572K
Oct 24 17:10:12 pkrvmuufc7wqmmx kernel: [    1.032108] PCI-DMA: Using software bounce buffering for IO (SWIOTLB)
Oct 24 17:10:12 pkrvmuufc7wqmmx kernel: [    1.035231] software IO TLB: mapped [mem 0x3a619000-0x3e619000] (64MB)
Oct 24 17:10:12 pkrvmuufc7wqmmx kernel: [    1.038032] check: Scanning for low memory corruption every 60 seconds
Oct 24 17:10:12 pkrvmuufc7wqmmx kernel: [    1.041076] Initialise system trusted keyrings
Oct 24 17:10:12 pkrvmuufc7wqmmx kernel: [    1.042928] Key type blacklist registered
Oct 24 17:10:12 pkrvmuufc7wqmmx kernel: [    1.044597] workingset: timestamp_bits=36 max_order=21 bucket_order=0
Oct 24 17:10:12 pkrvmuufc7wqmmx kernel: [    1.048256] zbud: loaded
Oct 24 17:10:12 pkrvmuufc7wqmmx kernel: [    1.049977] squashfs: version 4.0 (2009/01/31) Phillip Lougher
Oct 24 17:10:12 pkrvmuufc7wqmmx kernel: [    1.052595] fuse: init (API version 7.31)
Oct 24 17:10:12 pkrvmuufc7wqmmx kernel: [    1.054231] *** VALIDATE fuse ***
Oct 24 17:10:12 pkrvmuufc7wqmmx kernel: [    1.055562] *** VALIDATE fuse ***
Oct 24 17:10:12 pkrvmuufc7wqmmx kernel: [    1.057036] Platform Keyring initialized
Oct 24 17:10:12 pkrvmuufc7wqmmx kernel: [    1.061558] Key type asymmetric registered
Oct 24 17:10:12 pkrvmuufc7wqmmx kernel: [    1.065939] Asymmetric key parser 'x509' registered
Oct 24 17:10:12 pkrvmuufc7wqmmx kernel: [    1.068784] Block layer SCSI generic (bsg) driver version 0.4 loaded (major 244)
Oct 24 17:10:12 pkrvmuufc7wqmmx kernel: [    1.073063] io scheduler mq-deadline registered
Oct 24 17:10:12 pkrvmuufc7wqmmx kernel: [    1.076688] shpchp: Standard Hot Plug PCI Controller Driver version: 0.4
Oct 24 17:10:12 pkrvmuufc7wqmmx kernel: [    1.080771] hv_vmbus: registering driver hv_pci
Oct 24 17:10:12 pkrvmuufc7wqmmx kernel: [    1.083344] efifb: probing for efifb
Oct 24 17:10:12 pkrvmuufc7wqmmx kernel: [    1.085464] efifb: framebuffer at 0x40000000, using 3072k, total 3072k
Oct 24 17:10:12 pkrvmuufc7wqmmx kernel: [    1.089156] efifb: mode is 1024x768x32, linelength=4096, pages=1
Oct 24 17:10:12 pkrvmuufc7wqmmx kernel: [    1.092359] efifb: scrolling: redraw
Oct 24 17:10:12 pkrvmuufc7wqmmx kernel: [    1.094325] efifb: Truecolor: size=8:8:8:8, shift=24:16:8:0
Oct 24 17:10:12 pkrvmuufc7wqmmx kernel: [    1.100446] Console: switching to colour frame buffer device 128x48
Oct 24 17:10:12 pkrvmuufc7wqmmx kernel: [    1.105972] fb0: EFI VGA frame buffer device
Oct 24 17:10:12 pkrvmuufc7wqmmx kernel: [    1.108391] intel_idle: Please enable MWAIT in BIOS SETUP
Oct 24 17:10:12 pkrvmuufc7wqmmx kernel: [    1.108728] Serial: 8250/16550 driver, 32 ports, IRQ sharing enabled
Oct 24 17:10:12 pkrvmuufc7wqmmx kernel: [    1.136636] 00:00: ttyS0 at I/O 0x3f8 (irq = 4, base_baud = 115200) is a 16550A
Oct 24 17:10:12 pkrvmuufc7wqmmx kernel: [    1.164495] 00:01: ttyS1 at I/O 0x2f8 (irq = 3, base_baud = 115200) is a 16550A
Oct 24 17:10:12 pkrvmuufc7wqmmx kernel: [    1.168939] Linux agpgart interface v0.103
Oct 24 17:10:12 pkrvmuufc7wqmmx kernel: [    1.298675] loop: module loaded
Oct 24 17:10:12 pkrvmuufc7wqmmx kernel: [    1.298797] hv_vmbus: registering driver hv_storvsc
Oct 24 17:10:12 pkrvmuufc7wqmmx kernel: [    1.302829] tun: Universal TUN/TAP device driver, 1.6
Oct 24 17:10:12 pkrvmuufc7wqmmx kernel: [    1.305060] PPP generic driver version 2.4.2
Oct 24 17:10:12 pkrvmuufc7wqmmx kernel: [    1.305302] scsi host0: storvsc_host_t
Oct 24 17:10:12 pkrvmuufc7wqmmx kernel: [    1.306975] VFIO - User Level meta-driver version: 0.3
Oct 24 17:10:12 pkrvmuufc7wqmmx kernel: [    1.308948] scsi 0:0:0:0: Direct-Access     Msft     Virtual Disk     1.0  PQ: 0 ANSI: 5
Oct 24 17:10:12 pkrvmuufc7wqmmx kernel: [    1.310683] i8042: PNP: No PS/2 controller found.
Oct 24 17:10:12 pkrvmuufc7wqmmx kernel: [    1.314112] scsi 0:0:0:1: Direct-Access     Msft     Virtual Disk     1.0  PQ: 0 ANSI: 5
Oct 24 17:10:12 pkrvmuufc7wqmmx kernel: [    1.315967] mousedev: PS/2 mouse device common for all mice
Oct 24 17:10:12 pkrvmuufc7wqmmx kernel: [    1.319441] scsi 0:0:0:2: CD-ROM            Msft     Virtual DVD-ROM  1.0  PQ: 0 ANSI: 0
Oct 24 17:10:12 pkrvmuufc7wqmmx kernel: [    1.321529] scsi host1: storvsc_host_t
Oct 24 17:10:12 pkrvmuufc7wqmmx kernel: [    1.330856] sd 0:0:0:0: [sda] 62916608 512-byte logical blocks: (32.2 GB/30.0 GiB)
Oct 24 17:10:12 pkrvmuufc7wqmmx kernel: [    1.334137] sd 0:0:0:0: [sda] 4096-byte physical blocks
Oct 24 17:10:12 pkrvmuufc7wqmmx kernel: [    1.336984] sd 0:0:0:0: [sda] Write Protect is off
Oct 24 17:10:12 pkrvmuufc7wqmmx kernel: [    1.338913] sd 0:0:0:0: [sda] Mode Sense: 0f 00 10 00
Oct 24 17:10:12 pkrvmuufc7wqmmx kernel: [    1.339544] sd 0:0:0:0: [sda] Write cache: enabled, read cache: enabled, supports DPO and FUA
Oct 24 17:10:12 pkrvmuufc7wqmmx kernel: [    1.347317] sd 0:0:0:0: Attached scsi generic sg0 type 0
Oct 24 17:10:12 pkrvmuufc7wqmmx kernel: [    1.348147] rtc_cmos 00:02: registered as rtc0
Oct 24 17:10:12 pkrvmuufc7wqmmx kernel: [    1.350691] scsi 0:0:0:1: Attached scsi generic sg1 type 0
Oct 24 17:10:12 pkrvmuufc7wqmmx kernel: [    1.353213] rtc_cmos 00:02: alarms up to one month, 114 bytes nvram
Oct 24 17:10:12 pkrvmuufc7wqmmx kernel: [    1.360374] device-mapper: uevent: version 1.0.3
Oct 24 17:10:12 pkrvmuufc7wqmmx kernel: [    1.363268] sr 0:0:0:2: [sr0] scsi-1 drive
Oct 24 17:10:12 pkrvmuufc7wqmmx kernel: [    1.363606] sd 0:0:0:1: [sdb] 29360128 512-byte logical blocks: (15.0 GB/14.0 GiB)
Oct 24 17:10:12 pkrvmuufc7wqmmx kernel: [    1.366314] cdrom: Uniform CD-ROM driver Revision: 3.20
Oct 24 17:10:12 pkrvmuufc7wqmmx kernel: [    1.370435] sd 0:0:0:1: [sdb] 4096-byte physical blocks
Oct 24 17:10:12 pkrvmuufc7wqmmx kernel: [    1.370482] sd 0:0:0:1: [sdb] Write Protect is off
Oct 24 17:10:12 pkrvmuufc7wqmmx kernel: [    1.373851] device-mapper: ioctl: 4.41.0-ioctl (2019-09-16) initialised: dm-devel@redhat.com
Oct 24 17:10:12 pkrvmuufc7wqmmx kernel: [    1.376767] sd 0:0:0:1: [sdb] Mode Sense: 0f 00 10 00
Oct 24 17:10:12 pkrvmuufc7wqmmx kernel: [    1.379685] platform eisa.0: Probing EISA bus 0
Oct 24 17:10:12 pkrvmuufc7wqmmx kernel: [    1.384551] sd 0:0:0:1: [sdb] Write cache: disabled, read cache: enabled, supports DPO and FUA
Oct 24 17:10:12 pkrvmuufc7wqmmx kernel: [    1.387466] platform eisa.0: EISA: Detected 0 cards
Oct 24 17:10:12 pkrvmuufc7wqmmx kernel: [    1.395203] intel_pstate: CPU model not supported
Oct 24 17:10:12 pkrvmuufc7wqmmx kernel: [    1.395214] sr 0:0:0:2: Attached scsi CD-ROM sr0
Oct 24 17:10:12 pkrvmuufc7wqmmx kernel: [    1.398161] EFI Variables Facility v0.08 2004-May-17
Oct 24 17:10:12 pkrvmuufc7wqmmx kernel: [    1.402206] drop_monitor: Initializing network drop monitor service
Oct 24 17:10:12 pkrvmuufc7wqmmx kernel: [    1.406750] sr 0:0:0:2: Attached scsi generic sg2 type 5
Oct 24 17:10:12 pkrvmuufc7wqmmx kernel: [    1.406913] NET: Registered protocol family 10
Oct 24 17:10:12 pkrvmuufc7wqmmx kernel: [    1.414334]  sdb: sdb1
Oct 24 17:10:12 pkrvmuufc7wqmmx kernel: [    1.414436] GPT:Primary header thinks Alt. header is not at the end of the disk.
Oct 24 17:10:12 pkrvmuufc7wqmmx kernel: [    1.420209] Segment Routing with IPv6
Oct 24 17:10:12 pkrvmuufc7wqmmx kernel: [    1.420900] GPT:4612095 != 62916607
Oct 24 17:10:12 pkrvmuufc7wqmmx kernel: [    1.423548] NET: Registered protocol family 17
Oct 24 17:10:12 pkrvmuufc7wqmmx kernel: [    1.426167] GPT:Alternate GPT header not at the end of the disk.
Oct 24 17:10:12 pkrvmuufc7wqmmx kernel: [    1.429084] Key type dns_resolver registered
Oct 24 17:10:12 pkrvmuufc7wqmmx kernel: [    1.432745] GPT:4612095 != 62916607
Oct 24 17:10:12 pkrvmuufc7wqmmx kernel: [    1.438126] GPT: Use GNU Parted to correct GPT errors.
Oct 24 17:10:12 pkrvmuufc7wqmmx kernel: [    1.441450]  sda: sda1 sda14 sda15
Oct 24 17:10:12 pkrvmuufc7wqmmx kernel: [    1.444149] RAS: Correctable Errors collector initialized.
Oct 24 17:10:12 pkrvmuufc7wqmmx kernel: [    1.448182] IPI shorthand broadcast: enabled
Oct 24 17:10:12 pkrvmuufc7wqmmx kernel: [    1.451110] registered taskstats version 1
Oct 24 17:10:12 pkrvmuufc7wqmmx kernel: [    1.453862] Loading compiled-in X.509 certificates
Oct 24 17:10:12 pkrvmuufc7wqmmx kernel: [    1.457720] Loaded X.509 cert 'Build time autogenerated kernel key: 6aa26ac698f01a3efde8c4cb2074f5edfee0ad1b'
Oct 24 17:10:12 pkrvmuufc7wqmmx kernel: [    1.459206] sd 0:0:0:0: [sda] Attached SCSI disk
Oct 24 17:10:12 pkrvmuufc7wqmmx kernel: [    1.463762] Loaded X.509 cert 'Canonical Ltd. Live Patch Signing: 14df34d1a87cf37625abec039ef2bf521249b969'
Oct 24 17:10:12 pkrvmuufc7wqmmx kernel: [    1.467134] sd 0:0:0:1: [sdb] Attached SCSI disk
Oct 24 17:10:12 pkrvmuufc7wqmmx kernel: [    1.472131] Loaded X.509 cert 'Canonical Ltd. Kernel Module Signing: 88f752e560a1e0737e31163a466ad7b70a850c19'
Oct 24 17:10:12 pkrvmuufc7wqmmx kernel: [    1.480192] blacklist: Loading compiled-in revocation X.509 certificates
Oct 24 17:10:12 pkrvmuufc7wqmmx kernel: [    1.484061] Loaded X.509 cert 'Canonical Ltd. Secure Boot Signing: 61482aa2830d0ab2ad5af10b7250da9033ddcef0'
Oct 24 17:10:12 pkrvmuufc7wqmmx kernel: [    1.489468] zswap: loaded using pool lzo/zbud
Oct 24 17:10:12 pkrvmuufc7wqmmx kernel: [    1.492675] Key type ._fscrypt registered
Oct 24 17:10:12 pkrvmuufc7wqmmx kernel: [    1.496376] Key type .fscrypt registered
Oct 24 17:10:12 pkrvmuufc7wqmmx kernel: [    1.502511] Key type big_key registered
Oct 24 17:10:12 pkrvmuufc7wqmmx kernel: [    1.507002] Key type encrypted registered
Oct 24 17:10:12 pkrvmuufc7wqmmx kernel: [    1.510159] AppArmor: AppArmor sha1 policy hashing enabled
Oct 24 17:10:12 pkrvmuufc7wqmmx kernel: [    1.514239] integrity: Loading X.509 certificate: UEFI:db
Oct 24 17:10:12 pkrvmuufc7wqmmx kernel: [    1.517833] integrity: Loaded X.509 cert 'Microsoft Windows Production PCA 2011: a92902398e16c49778cd90f99e4f9ae17c55af53'
Oct 24 17:10:12 pkrvmuufc7wqmmx kernel: [    1.524057] integrity: Loading X.509 certificate: UEFI:MokListRT (MOKvar table)
Oct 24 17:10:12 pkrvmuufc7wqmmx kernel: [    1.528854] integrity: Loaded X.509 cert 'Canonical Ltd. Master Certificate Authority: ad91990bc22ab1f517048c23b6655a268e345a63'
Oct 24 17:10:12 pkrvmuufc7wqmmx kernel: [    1.536109] ima: No TPM chip found, activating TPM-bypass!
Oct 24 17:10:12 pkrvmuufc7wqmmx kernel: [    1.539523] ima: Allocated hash algorithm: sha1
Oct 24 17:10:12 pkrvmuufc7wqmmx kernel: [    1.543758] ima: No architecture policies found
Oct 24 17:10:12 pkrvmuufc7wqmmx kernel: [    1.547117] evm: Initialising EVM extended attributes:
Oct 24 17:10:12 pkrvmuufc7wqmmx kernel: [    1.550352] evm: security.selinux
Oct 24 17:10:12 pkrvmuufc7wqmmx kernel: [    1.552954] evm: security.SMACK64
Oct 24 17:10:12 pkrvmuufc7wqmmx kernel: [    1.555570] evm: security.SMACK64EXEC
Oct 24 17:10:12 pkrvmuufc7wqmmx kernel: [    1.558405] evm: security.SMACK64TRANSMUTE
Oct 24 17:10:12 pkrvmuufc7wqmmx kernel: [    1.561348] evm: security.SMACK64MMAP
Oct 24 17:10:12 pkrvmuufc7wqmmx kernel: [    1.563923] evm: security.apparmor
Oct 24 17:10:12 pkrvmuufc7wqmmx kernel: [    1.566517] evm: security.ima
Oct 24 17:10:12 pkrvmuufc7wqmmx kernel: [    1.568735] evm: security.capability
Oct 24 17:10:12 pkrvmuufc7wqmmx kernel: [    1.571185] evm: HMAC attrs: 0x1
Oct 24 17:10:12 pkrvmuufc7wqmmx kernel: [    1.573868] PM:   Magic number: 10:163:227
Oct 24 17:10:12 pkrvmuufc7wqmmx kernel: [    1.576668] workqueue nvme-delete-wq: hash matches
Oct 24 17:10:12 pkrvmuufc7wqmmx kernel: [    1.579927] rtc_cmos 00:02: setting system clock to 2022-10-24T11:12:04 UTC (1666609924)
Oct 24 17:10:12 pkrvmuufc7wqmmx kernel: [    1.584416] Unstable clock detected, switching default tracing clock to "global"
Oct 24 17:10:12 pkrvmuufc7wqmmx kernel: [    1.584416] If you want to keep using the local clock, then add:
Oct 24 17:10:12 pkrvmuufc7wqmmx kernel: [    1.584416]   "trace_clock=local"
Oct 24 17:10:12 pkrvmuufc7wqmmx kernel: [    1.584416] on the kernel command line
Oct 24 17:10:12 pkrvmuufc7wqmmx kernel: [    1.599422] Freeing unused decrypted memory: 2040K
Oct 24 17:10:12 pkrvmuufc7wqmmx kernel: [    1.603070] Freeing unused kernel image memory: 2496K
Oct 24 17:10:12 pkrvmuufc7wqmmx kernel: [    1.618651] Write protecting the kernel read-only data: 26624k
Oct 24 17:10:12 pkrvmuufc7wqmmx kernel: [    1.623918] Freeing unused kernel image memory: 2028K
Oct 24 17:10:12 pkrvmuufc7wqmmx kernel: [    1.627600] Freeing unused kernel image memory: 1396K
Oct 24 17:10:12 pkrvmuufc7wqmmx kernel: [    1.639330] x86/mm: Checked W+X mappings: passed, no W+X pages found.
Oct 24 17:10:12 pkrvmuufc7wqmmx kernel: [    1.643531] x86/mm: Checking user space page tables
Oct 24 17:10:12 pkrvmuufc7wqmmx kernel: [    1.654962] x86/mm: Checked W+X mappings: passed, no W+X pages found.
Oct 24 17:10:12 pkrvmuufc7wqmmx kernel: [    1.658860] Run /init as init process
Oct 24 17:10:12 pkrvmuufc7wqmmx kernel: [    1.712138] hv_vmbus: registering driver hv_netvsc
Oct 24 17:10:12 pkrvmuufc7wqmmx kernel: [    1.732268] hv_vmbus: registering driver hyperv_keyboard
Oct 24 17:10:12 pkrvmuufc7wqmmx kernel: [    1.736944] hv_utils: Registering HyperV Utility Driver
Oct 24 17:10:12 pkrvmuufc7wqmmx kernel: [    1.740110] hv_vmbus: registering driver hv_utils
Oct 24 17:10:12 pkrvmuufc7wqmmx kernel: [    1.743563] hidraw: raw HID events driver (C) Jiri Kosina
Oct 24 17:10:12 pkrvmuufc7wqmmx kernel: [    1.747721] hv_vmbus: registering driver hid_hyperv
Oct 24 17:10:12 pkrvmuufc7wqmmx kernel: [    1.747786] hv_utils: Heartbeat IC version 3.0
Oct 24 17:10:12 pkrvmuufc7wqmmx kernel: [    1.753403] hv_utils: Shutdown IC version 3.2
Oct 24 17:10:12 pkrvmuufc7wqmmx kernel: [    1.756170] hv_utils: TimeSync IC version 4.0
Oct 24 17:10:12 pkrvmuufc7wqmmx kernel: [    1.759160] input: AT Translated Set 2 keyboard as /devices/LNXSYSTM:00/LNXSYBUS:00/ACPI0004:00/VMBUS:00/d34b2567-b9b6-42b9-8778-0a4ec0b955bf/serio0/input/input0
Oct 24 17:10:12 pkrvmuufc7wqmmx kernel: [    1.767673] input: Microsoft Vmbus HID-compliant Mouse as /devices/0006:045E:0621.0001/input/input1
Oct 24 17:10:12 pkrvmuufc7wqmmx kernel: [    1.772611] hv_vmbus: registering driver hyperv_fb
Oct 24 17:10:12 pkrvmuufc7wqmmx kernel: [    1.773389] hid 0006:045E:0621.0001: input: VIRTUAL HID v0.01 Mouse [Microsoft Vmbus HID-compliant Mouse] on 
Oct 24 17:10:12 pkrvmuufc7wqmmx kernel: [    1.782180] checking generic (40000000 300000) vs hw (40000000 300000)
Oct 24 17:10:12 pkrvmuufc7wqmmx kernel: [    1.782181] fb0: switching to hyperv_fb from EFI VGA
Oct 24 17:10:12 pkrvmuufc7wqmmx kernel: [    1.785315] Console: switching to colour dummy device 80x25
Oct 24 17:10:12 pkrvmuufc7wqmmx kernel: [    1.787660] hyperv_fb: Screen resolution: 1152x864, Color depth: 32
Oct 24 17:10:12 pkrvmuufc7wqmmx kernel: [    1.790813] cryptd: max_cpu_qlen set to 1000
Oct 24 17:10:12 pkrvmuufc7wqmmx kernel: [    1.792628] Console: switching to colour frame buffer device 144x54
Oct 24 17:10:12 pkrvmuufc7wqmmx kernel: [    1.805846] AVX2 version of gcm_enc/dec engaged.
Oct 24 17:10:12 pkrvmuufc7wqmmx kernel: [    1.807908] AES CTR mode by8 optimization enabled
Oct 24 17:10:12 pkrvmuufc7wqmmx kernel: [    3.226570] raid6: avx512x4 gen() 33718 MB/s
Oct 24 17:10:12 pkrvmuufc7wqmmx kernel: [    3.274570] raid6: avx512x4 xor() 20242 MB/s
Oct 24 17:10:12 pkrvmuufc7wqmmx kernel: [    3.322569] raid6: avx512x2 gen() 32092 MB/s
Oct 24 17:10:12 pkrvmuufc7wqmmx kernel: [    3.370569] raid6: avx512x2 xor() 20123 MB/s
Oct 24 17:10:12 pkrvmuufc7wqmmx kernel: [    3.418570] raid6: avx512x1 gen() 28310 MB/s
Oct 24 17:10:12 pkrvmuufc7wqmmx kernel: [    3.466569] raid6: avx512x1 xor() 16087 MB/s
Oct 24 17:10:12 pkrvmuufc7wqmmx kernel: [    3.514569] raid6: avx2x4   gen() 28035 MB/s
Oct 24 17:10:12 pkrvmuufc7wqmmx kernel: [    3.562568] raid6: avx2x4   xor() 16297 MB/s
Oct 24 17:10:12 pkrvmuufc7wqmmx kernel: [    3.610569] raid6: avx2x2   gen() 25714 MB/s
Oct 24 17:10:12 pkrvmuufc7wqmmx kernel: [    3.658569] raid6: avx2x2   xor() 16271 MB/s
Oct 24 17:10:12 pkrvmuufc7wqmmx kernel: [    3.706572] raid6: avx2x1   gen() 18869 MB/s
Oct 24 17:10:12 pkrvmuufc7wqmmx kernel: [    3.754572] raid6: avx2x1   xor() 14815 MB/s
Oct 24 17:10:12 pkrvmuufc7wqmmx kernel: [    3.802572] raid6: sse2x4   gen() 10707 MB/s
Oct 24 17:10:12 pkrvmuufc7wqmmx kernel: [    3.850570] raid6: sse2x4   xor()  6610 MB/s
Oct 24 17:10:12 pkrvmuufc7wqmmx kernel: [    3.898572] raid6: sse2x2   gen()  9929 MB/s
Oct 24 17:10:12 pkrvmuufc7wqmmx kernel: [    3.946572] raid6: sse2x2   xor()  6254 MB/s
Oct 24 17:10:12 pkrvmuufc7wqmmx kernel: [    3.998572] raid6: sse2x1   gen()  8850 MB/s
Oct 24 17:10:12 pkrvmuufc7wqmmx kernel: [    4.046570] raid6: sse2x1   xor()  5049 MB/s
Oct 24 17:10:12 pkrvmuufc7wqmmx kernel: [    4.048523] raid6: using algorithm avx512x4 gen() 33718 MB/s
Oct 24 17:10:12 pkrvmuufc7wqmmx kernel: [    4.050842] raid6: .... xor() 20242 MB/s, rmw enabled
Oct 24 17:10:12 pkrvmuufc7wqmmx kernel: [    4.052841] raid6: using avx512x2 recovery algorithm
Oct 24 17:10:12 pkrvmuufc7wqmmx kernel: [    4.056359] xor: automatically using best checksumming function   avx       
Oct 24 17:10:12 pkrvmuufc7wqmmx kernel: [    4.060566] async_tx: api initialized (async)
Oct 24 17:10:12 pkrvmuufc7wqmmx kernel: [    4.110822] Btrfs loaded, crc32c=crc32c-intel
Oct 24 17:10:12 pkrvmuufc7wqmmx kernel: [    4.169109] EXT4-fs (sda1): mounted filesystem with ordered data mode. Opts: (null)
Oct 24 17:10:12 pkrvmuufc7wqmmx kernel: [    4.321503] systemd[1]: systemd 237 running in system mode. (+PAM +AUDIT +SELINUX +IMA +APPARMOR +SMACK +SYSVINIT +UTMP +LIBCRYPTSETUP +GCRYPT +GNUTLS +ACL +XZ +LZ4 +SECCOMP +BLKID +ELFUTILS +KMOD -IDN2 +IDN -PCRE2 default-hierarchy=hybrid)
Oct 24 17:10:12 pkrvmuufc7wqmmx kernel: [    4.331423] systemd[1]: Detected virtualization microsoft.
Oct 24 17:10:12 pkrvmuufc7wqmmx kernel: [    4.334839] systemd[1]: Detected architecture x86-64.
Oct 24 17:10:12 pkrvmuufc7wqmmx kernel: [    4.361322] systemd[1]: Set hostname to <ubuntu>.
Oct 24 17:10:12 pkrvmuufc7wqmmx kernel: [    4.365723] systemd[1]: Initializing machine ID from random generator.
Oct 24 17:10:12 pkrvmuufc7wqmmx kernel: [    4.369487] systemd[1]: Installed transient /etc/machine-id file.
Oct 24 17:10:12 pkrvmuufc7wqmmx kernel: [    4.519874] systemd[1]: Unnecessary job for sys-devices-virtual-misc-vmbus\x21hv_fcopy.device was removed.
Oct 24 17:10:12 pkrvmuufc7wqmmx kernel: [    4.524841] systemd[1]: Unnecessary job for sys-devices-virtual-misc-vmbus\x21hv_vss.device was removed.
Oct 24 17:10:12 pkrvmuufc7wqmmx kernel: [    4.529933] systemd[1]: Reached target User and Group Name Lookups.
Oct 24 17:10:12 pkrvmuufc7wqmmx kernel: [    4.536189] systemd[1]: Reached target Swap.
Oct 24 17:10:12 pkrvmuufc7wqmmx kernel: [    4.595161] EXT4-fs (sda1): re-mounted. Opts: discard
Oct 24 17:10:12 pkrvmuufc7wqmmx kernel: [    4.650749] Loading iSCSI transport class v2.0-870.
Oct 24 17:10:12 pkrvmuufc7wqmmx kernel: [    4.678201] iscsi: registered transport (tcp)
Oct 24 17:10:12 pkrvmuufc7wqmmx kernel: [    4.712009] systemd-journald[488]: Received request to flush runtime journal from PID 1
Oct 24 17:10:12 pkrvmuufc7wqmmx kernel: [    4.741232] iscsi: registered transport (iser)
Oct 24 17:10:12 pkrvmuufc7wqmmx kernel: [    4.941666] hv_vmbus: registering driver hv_balloon
Oct 24 17:10:12 pkrvmuufc7wqmmx kernel: [    4.941928] hv_balloon: Using Dynamic Memory protocol version 2.0
Oct 24 17:10:12 pkrvmuufc7wqmmx kernel: [    5.030298] RAPL PMU: API unit is 2^-32 Joules, 0 fixed counters, 10737418240 ms ovfl timer
Oct 24 17:10:12 pkrvmuufc7wqmmx kernel: [    5.128471] hv_utils: KVP IC version 4.0
Oct 24 17:10:12 pkrvmuufc7wqmmx kernel: [    5.840980] audit: type=1400 audit(1666609928.975:2): apparmor="STATUS" operation="profile_load" profile="unconfined" name="lxc-container-default" pid=804 comm="apparmor_parser"
Oct 24 17:10:12 pkrvmuufc7wqmmx kernel: [    5.841475] audit: type=1400 audit(1666609928.975:3): apparmor="STATUS" operation="profile_load" profile="unconfined" name="lxc-container-default-cgns" pid=804 comm="apparmor_parser"
Oct 24 17:10:12 pkrvmuufc7wqmmx kernel: [    5.843270] audit: type=1400 audit(1666609928.979:4): apparmor="STATUS" operation="profile_load" profile="unconfined" name="lxc-container-default-with-mounting" pid=804 comm="apparmor_parser"
Oct 24 17:10:12 pkrvmuufc7wqmmx kernel: [    5.845014] audit: type=1400 audit(1666609928.979:5): apparmor="STATUS" operation="profile_load" profile="unconfined" name="lxc-container-default-with-nesting" pid=804 comm="apparmor_parser"
Oct 24 17:10:12 pkrvmuufc7wqmmx kernel: [    5.862071] audit: type=1400 audit(1666609928.995:6): apparmor="STATUS" operation="profile_load" profile="unconfined" name="/usr/bin/lxc-start" pid=930 comm="apparmor_parser"
Oct 24 17:10:12 pkrvmuufc7wqmmx kernel: [    5.894637] audit: type=1400 audit(1666609929.031:7): apparmor="STATUS" operation="profile_load" profile="unconfined" name="/sbin/dhclient" pid=815 comm="apparmor_parser"
Oct 24 17:10:12 pkrvmuufc7wqmmx kernel: [    5.895232] audit: type=1400 audit(1666609929.031:8): apparmor="STATUS" operation="profile_load" profile="unconfined" name="/usr/lib/NetworkManager/nm-dhcp-client.action" pid=815 comm="apparmor_parser"
Oct 24 17:10:12 pkrvmuufc7wqmmx kernel: [    5.895741] audit: type=1400 audit(1666609929.031:9): apparmor="STATUS" operation="profile_load" profile="unconfined" name="/usr/lib/NetworkManager/nm-dhcp-helper" pid=815 comm="apparmor_parser"
Oct 24 17:10:12 pkrvmuufc7wqmmx kernel: [    5.896204] audit: type=1400 audit(1666609929.031:10): apparmor="STATUS" operation="profile_load" profile="unconfined" name="/usr/lib/connman/scripts/dhclient-script" pid=815 comm="apparmor_parser"
Oct 24 17:10:12 pkrvmuufc7wqmmx kernel: [    5.962186] audit: type=1400 audit(1666609929.095:11): apparmor="STATUS" operation="profile_load" profile="unconfined" name="/usr/bin/man" pid=941 comm="apparmor_parser"
Oct 24 17:10:12 pkrvmuufc7wqmmx kernel: [    6.858629] UDF-fs: INFO Mounting volume 'UDF Volume', timestamp 2022/10/25 00:00 (1000)
Oct 24 17:10:12 pkrvmuufc7wqmmx kernel: [    6.907906] IPv6: ADDRCONF(NETDEV_CHANGE): eth0: link becomes ready
Oct 24 17:10:12 pkrvmuufc7wqmmx kernel: [    7.103944] sr 0:0:0:2: [storvsc] Sense Key : Illegal Request [current] 
Oct 24 17:10:12 pkrvmuufc7wqmmx kernel: [    7.103947] sr 0:0:0:2: [storvsc] Add. Sense: Medium removal prevented
Oct 24 17:10:12 pkrvmuufc7wqmmx kernel: [   53.052316] hv_balloon: Max. dynamic memory size: 7168 MB
Oct 24 17:10:12 pkrvmuufc7wqmmx kernel: [21487.742360] EXT4-fs (sda1): resizing filesystem from 548091 to 7836155 blocks
Oct 24 17:10:12 pkrvmuufc7wqmmx kernel: [21487.859482] EXT4-fs (sda1): resized filesystem to 7836155
Oct 24 17:10:12 pkrvmuufc7wqmmx kernel: [21488.174654]  sdb: sdb1
Oct 24 17:10:12 pkrvmuufc7wqmmx kernel: [21488.426505] EXT4-fs (sdb1): mounted filesystem with ordered data mode. Opts: (null)
Oct 24 17:10:12 pkrvmuufc7wqmmx kernel: [21489.062886] new mount options do not match the existing superblock, will be ignored
Oct 24 17:10:12 pkrvmuufc7wqmmx systemd-modules-load[489]: Inserted module 'iscsi_tcp'
Oct 24 17:10:12 pkrvmuufc7wqmmx systemd[1]: Starting Flush Journal to Persistent Storage...
Oct 24 17:10:12 pkrvmuufc7wqmmx systemd[1]: Started Load/Save Random Seed.
Oct 24 17:10:12 pkrvmuufc7wqmmx keyboard-setup.sh[452]: cannot open file /run/tmpkbd.ySpwVg
Oct 24 17:10:12 pkrvmuufc7wqmmx systemd[1]: Started Create Static Device Nodes in /dev.
Oct 24 17:10:12 pkrvmuufc7wqmmx systemd[1]: Starting udev Kernel Device Manager...
Oct 24 17:10:12 pkrvmuufc7wqmmx systemd[1]: Started Monitoring of LVM2 mirrors, snapshots etc. using dmeventd or progress polling.
Oct 24 17:10:12 pkrvmuufc7wqmmx systemd[1]: Started udev Coldplug all Devices.
Oct 24 17:10:12 pkrvmuufc7wqmmx systemd-modules-load[489]: Inserted module 'ib_iser'
Oct 24 17:10:12 pkrvmuufc7wqmmx systemd[1]: Started Load Kernel Modules.
Oct 24 17:10:12 pkrvmuufc7wqmmx systemd[1]: Mounting FUSE Control File System...
Oct 24 17:10:12 pkrvmuufc7wqmmx systemd[1]: Starting Apply Kernel Variables...
Oct 24 17:10:12 pkrvmuufc7wqmmx systemd[1]: Mounting Kernel Configuration File System...
Oct 24 17:10:12 pkrvmuufc7wqmmx systemd[1]: Mounted FUSE Control File System.
Oct 24 17:10:12 pkrvmuufc7wqmmx systemd[1]: Started udev Kernel Device Manager.
Oct 24 17:10:12 pkrvmuufc7wqmmx systemd[1]: Mounted Kernel Configuration File System.
Oct 24 17:10:12 pkrvmuufc7wqmmx systemd[1]: Started Flush Journal to Persistent Storage.
Oct 24 17:10:12 pkrvmuufc7wqmmx systemd[1]: Started Apply Kernel Variables.
Oct 24 17:10:12 pkrvmuufc7wqmmx systemd-udevd[515]: link_config: autonegotiation is unset or enabled, the speed and duplex are not writable.
Oct 24 17:10:12 pkrvmuufc7wqmmx systemd[1]: Found device /dev/ttyS0.
Oct 24 17:10:12 pkrvmuufc7wqmmx systemd[1]: Started Set the console keyboard layout.
Oct 24 17:10:12 pkrvmuufc7wqmmx systemd[1]: Reached target Local File Systems (Pre).
Oct 24 17:10:12 pkrvmuufc7wqmmx systemd[1]: Started Dispatch Password Requests to Console Directory Watch.
Oct 24 17:10:12 pkrvmuufc7wqmmx systemd[1]: Reached target Local Encrypted Volumes.
Oct 24 17:10:12 pkrvmuufc7wqmmx systemd[1]: Listening on Load/Save RF Kill Switch Status /dev/rfkill Watch.
Oct 24 17:10:12 pkrvmuufc7wqmmx systemd[1]: Found device /sys/devices/virtual/misc/vmbus!hv_kvp.
Oct 24 17:10:12 pkrvmuufc7wqmmx systemd-udevd[521]: link_config: autonegotiation is unset or enabled, the speed and duplex are not writable.
Oct 24 17:10:12 pkrvmuufc7wqmmx systemd[1]: Started Hyper-V KVP Protocol Daemon.
Oct 24 17:10:12 pkrvmuufc7wqmmx KVP: KVP starting; pid is:574
Oct 24 17:10:12 pkrvmuufc7wqmmx KVP: KVP LIC Version: 3.1
Oct 24 17:10:12 pkrvmuufc7wqmmx systemd[1]: Found device Virtual_Disk UEFI.
Oct 24 17:10:12 pkrvmuufc7wqmmx systemd[1]: Starting File System Check on /dev/disk/by-uuid/60D0-2ED1...
Oct 24 17:10:12 pkrvmuufc7wqmmx systemd[1]: Started File System Check Daemon to report status.
Oct 24 17:10:12 pkrvmuufc7wqmmx systemd-fsck[710]: fsck.fat 4.1 (2017-01-24)
Oct 24 17:10:12 pkrvmuufc7wqmmx systemd-fsck[710]: /dev/sda15: 11 files, 8921/213716 clusters
Oct 24 17:10:12 pkrvmuufc7wqmmx systemd[1]: Started File System Check on /dev/disk/by-uuid/60D0-2ED1.
Oct 24 17:10:12 pkrvmuufc7wqmmx systemd[1]: Mounting /boot/efi...
Oct 24 17:10:12 pkrvmuufc7wqmmx systemd[1]: Mounted /boot/efi.
Oct 24 17:10:12 pkrvmuufc7wqmmx systemd[1]: Reached target Local File Systems.
Oct 24 17:10:12 pkrvmuufc7wqmmx systemd[1]: Starting Commit a transient machine-id on disk...
Oct 24 17:10:12 pkrvmuufc7wqmmx systemd[1]: Starting Set console font and keymap...
Oct 24 17:10:12 pkrvmuufc7wqmmx systemd[1]: Starting Create Volatile Files and Directories...
Oct 24 17:10:12 pkrvmuufc7wqmmx systemd[1]: Starting Tell Plymouth To Write Out Runtime Data...
Oct 24 17:10:12 pkrvmuufc7wqmmx systemd[1]: Starting AppArmor initialization...
Oct 24 17:10:12 pkrvmuufc7wqmmx systemd[1]: Starting ebtables ruleset management...
Oct 24 17:10:12 pkrvmuufc7wqmmx systemd[1]: Started Commit a transient machine-id on disk.
Oct 24 17:10:12 pkrvmuufc7wqmmx systemd[1]: Started Tell Plymouth To Write Out Runtime Data.
Oct 24 17:10:12 pkrvmuufc7wqmmx systemd[1]: Started Create Volatile Files and Directories.
Oct 24 17:10:12 pkrvmuufc7wqmmx systemd[1]: Starting Network Time Synchronization...
Oct 24 17:10:12 pkrvmuufc7wqmmx systemd[1]: Starting Update UTMP about System Boot/Shutdown...
Oct 24 17:10:12 pkrvmuufc7wqmmx apparmor[744]:  * Starting AppArmor profiles
Oct 24 17:10:12 pkrvmuufc7wqmmx systemd[1]: Started Update UTMP about System Boot/Shutdown.
Oct 24 17:10:12 pkrvmuufc7wqmmx systemd[1]: Started ebtables ruleset management.
Oct 24 17:10:12 pkrvmuufc7wqmmx systemd[1]: Started Network Time Synchronization.
Oct 24 17:10:12 pkrvmuufc7wqmmx systemd[1]: Reached target System Time Synchronized.
Oct 24 17:10:12 pkrvmuufc7wqmmx systemd[1]: Started Set console font and keymap.
Oct 24 17:10:12 pkrvmuufc7wqmmx apparmor[744]: Skipping profile in /etc/apparmor.d/disable: usr.sbin.rsyslogd
Oct 24 17:10:12 pkrvmuufc7wqmmx apparmor[744]:    ...done.
Oct 24 17:10:12 pkrvmuufc7wqmmx systemd[1]: Started AppArmor initialization.
Oct 24 17:10:12 pkrvmuufc7wqmmx systemd[1]: Starting Load AppArmor profiles managed internally by snapd...
Oct 24 17:10:12 pkrvmuufc7wqmmx systemd[1]: Starting Initial cloud-init job (pre-networking)...
Oct 24 17:10:12 pkrvmuufc7wqmmx sh[1020]: + [ -e /var/lib/cloud/instance/obj.pkl ]
Oct 24 17:10:12 pkrvmuufc7wqmmx sh[1020]: + exit 0
Oct 24 17:10:12 pkrvmuufc7wqmmx systemd[1]: Started Load AppArmor profiles managed internally by snapd.
Oct 24 17:10:12 pkrvmuufc7wqmmx snapd-apparmor[1012]: find: /var/lib/snapd/apparmor/profiles/: No such file or directory
Oct 24 17:10:12 pkrvmuufc7wqmmx dhclient[1078]: Internet Systems Consortium DHCP Client 4.3.5
Oct 24 17:10:12 pkrvmuufc7wqmmx dhclient[1078]: Copyright 2004-2016 Internet Systems Consortium.
Oct 24 17:10:12 pkrvmuufc7wqmmx dhclient[1078]: All rights reserved.
Oct 24 17:10:12 pkrvmuufc7wqmmx dhclient[1078]: For info, please visit https://www.isc.org/software/dhcp/
Oct 24 17:10:12 pkrvmuufc7wqmmx dhclient[1078]: 
Oct 24 17:10:12 pkrvmuufc7wqmmx dhclient[1078]: Listening on LPF/eth0/00:22:48:2b:e8:00
Oct 24 17:10:12 pkrvmuufc7wqmmx dhclient[1078]: Sending on   LPF/eth0/00:22:48:2b:e8:00
Oct 24 17:10:12 pkrvmuufc7wqmmx dhclient[1078]: Sending on   Socket/fallback
Oct 24 17:10:12 pkrvmuufc7wqmmx dhclient[1078]: DHCPDISCOVER on eth0 to 255.255.255.255 port 67 interval 3 (xid=0x7416a638)
Oct 24 17:10:12 pkrvmuufc7wqmmx dhclient[1078]: DHCPREQUEST of 10.0.0.4 on eth0 to 255.255.255.255 port 67 (xid=0x38a61674)
Oct 24 17:10:12 pkrvmuufc7wqmmx dhclient[1078]: DHCPOFFER of 10.0.0.4 from 168.63.129.16
Oct 24 17:10:12 pkrvmuufc7wqmmx dhclient[1078]: DHCPACK of 10.0.0.4 from 168.63.129.16
Oct 24 17:10:12 pkrvmuufc7wqmmx dhclient[1078]: bound to 10.0.0.4 -- renewal in 4294967295 seconds.
Oct 24 17:10:12 pkrvmuufc7wqmmx dhclient[1178]: Internet Systems Consortium DHCP Client 4.3.5
Oct 24 17:10:12 pkrvmuufc7wqmmx dhclient[1178]: Copyright 2004-2016 Internet Systems Consortium.
Oct 24 17:10:12 pkrvmuufc7wqmmx dhclient[1178]: All rights reserved.
Oct 24 17:10:12 pkrvmuufc7wqmmx dhclient[1178]: For info, please visit https://www.isc.org/software/dhcp/
Oct 24 17:10:12 pkrvmuufc7wqmmx dhclient[1178]: 
Oct 24 17:10:12 pkrvmuufc7wqmmx dhclient[1178]: Listening on LPF/eth0/00:22:48:2b:e8:00
Oct 24 17:10:12 pkrvmuufc7wqmmx dhclient[1178]: Sending on   LPF/eth0/00:22:48:2b:e8:00
Oct 24 17:10:12 pkrvmuufc7wqmmx dhclient[1178]: Sending on   Socket/fallback
Oct 24 17:10:12 pkrvmuufc7wqmmx dhclient[1178]: DHCPDISCOVER on eth0 to 255.255.255.255 port 67 interval 3 (xid=0xcce8ac6c)
Oct 24 17:10:12 pkrvmuufc7wqmmx dhclient[1178]: DHCPREQUEST of 10.0.0.4 on eth0 to 255.255.255.255 port 67 (xid=0x6cace8cc)
Oct 24 17:10:12 pkrvmuufc7wqmmx dhclient[1178]: DHCPOFFER of 10.0.0.4 from 168.63.129.16
Oct 24 17:10:12 pkrvmuufc7wqmmx dhclient[1178]: DHCPACK of 10.0.0.4 from 168.63.129.16
Oct 24 17:10:12 pkrvmuufc7wqmmx dhclient[1178]: bound to 10.0.0.4 -- renewal in 4294967295 seconds.
Oct 24 17:10:12 pkrvmuufc7wqmmx cloud-init[1026]: Cloud-init v. 22.3.4-0ubuntu1~18.04.1 running 'init-local' at Mon, 24 Oct 2022 11:12:09 +0000. Up 6.74 seconds.
Oct 24 17:10:12 pkrvmuufc7wqmmx systemd[1]: Started Initial cloud-init job (pre-networking).
Oct 24 17:10:12 pkrvmuufc7wqmmx systemd[1]: Reached target Network (Pre).
Oct 24 17:10:12 pkrvmuufc7wqmmx systemd[1]: Starting Network Service...
Oct 24 17:10:12 pkrvmuufc7wqmmx systemd-networkd[1201]: Enumeration completed
Oct 24 17:10:12 pkrvmuufc7wqmmx systemd-networkd[1201]: eth0: Link UP
Oct 24 17:10:12 pkrvmuufc7wqmmx systemd[1]: Started Network Service.
Oct 24 17:10:12 pkrvmuufc7wqmmx systemd-networkd[1201]: eth0: Gained carrier
Oct 24 17:10:12 pkrvmuufc7wqmmx systemd-networkd[1201]: eth0: Gained IPv6LL
Oct 24 17:10:12 pkrvmuufc7wqmmx systemd-networkd[1201]: eth0: Lost carrier
Oct 24 17:10:12 pkrvmuufc7wqmmx systemd-networkd[1201]: eth0: Gained carrier
Oct 24 17:10:12 pkrvmuufc7wqmmx systemd-networkd[1201]: eth0: Link DOWN
Oct 24 17:10:12 pkrvmuufc7wqmmx systemd-networkd[1201]: eth0: Lost carrier
Oct 24 17:10:12 pkrvmuufc7wqmmx systemd-networkd[1201]: eth0: Link UP
Oct 24 17:10:12 pkrvmuufc7wqmmx systemd-networkd[1201]: eth0: Gained carrier
Oct 24 17:10:12 pkrvmuufc7wqmmx systemd-networkd[1201]: eth0: Gained IPv6LL
Oct 24 17:10:12 pkrvmuufc7wqmmx systemd-networkd[1201]: eth0: Link DOWN
Oct 24 17:10:12 pkrvmuufc7wqmmx systemd-networkd[1201]: eth0: Lost carrier
Oct 24 17:10:12 pkrvmuufc7wqmmx systemd-networkd[1201]: eth0: IPv6 successfully enabled
Oct 24 17:10:12 pkrvmuufc7wqmmx systemd-networkd[1201]: lo: Link is not managed by us
Oct 24 17:10:12 pkrvmuufc7wqmmx systemd-networkd[1201]: eth0: Link UP
Oct 24 17:10:12 pkrvmuufc7wqmmx systemd[1]: Starting Network Name Resolution...
Oct 24 17:10:12 pkrvmuufc7wqmmx systemd[1]: Starting Wait for Network to be Configured...
Oct 24 17:10:12 pkrvmuufc7wqmmx systemd-networkd[1201]: eth0: Gained carrier
Oct 24 17:10:12 pkrvmuufc7wqmmx systemd-resolved[1217]: Positive Trust Anchors:
Oct 24 17:10:12 pkrvmuufc7wqmmx systemd-resolved[1217]: . IN DS 19036 8 2 49aac11d7b6f6446702e54a1607371607a1a41855200fd2ce1cdde32f24e8fb5
Oct 24 17:10:12 pkrvmuufc7wqmmx systemd-resolved[1217]: . IN DS 20326 8 2 e06d44b80b8f1d39a95c0b0d7c65d08458e880409bbc683457104237c7f8ec8d
Oct 24 17:10:12 pkrvmuufc7wqmmx systemd-resolved[1217]: Negative trust anchors: 10.in-addr.arpa 16.172.in-addr.arpa 17.172.in-addr.arpa 18.172.in-addr.arpa 19.172.in-addr.arpa 20.172.in-addr.arpa 21.172.in-addr.arpa 22.172.in-addr.arpa 23.172.in-addr.arpa 24.172.in-addr.arpa 25.172.in-addr.arpa 26.172.in-addr.arpa 27.172.in-addr.arpa 28.172.in-addr.arpa 29.172.in-addr.arpa 30.172.in-addr.arpa 31.172.in-addr.arpa 168.192.in-addr.arpa d.f.ip6.arpa corp home internal intranet lan local private test
Oct 24 17:10:12 pkrvmuufc7wqmmx systemd-resolved[1217]: Using system hostname 'pkrvmuufc7wqmmx'.
Oct 24 17:10:12 pkrvmuufc7wqmmx systemd[1]: Started Network Name Resolution.
Oct 24 17:10:12 pkrvmuufc7wqmmx systemd[1]: Reached target Host and Network Name Lookups.
Oct 24 17:10:12 pkrvmuufc7wqmmx systemd[1]: Reached target Network.
Oct 24 17:10:12 pkrvmuufc7wqmmx systemd-networkd[1201]: eth0: DHCPv4 address 10.0.0.4/24 via 10.0.0.1
Oct 24 17:10:12 pkrvmuufc7wqmmx systemd-timesyncd[758]: Network configuration changed, trying to establish connection.
Oct 24 17:10:12 pkrvmuufc7wqmmx systemd-timesyncd[758]: Network configuration changed, trying to establish connection.
Oct 24 17:10:12 pkrvmuufc7wqmmx systemd-networkd[1201]: eth0: Gained IPv6LL
Oct 24 17:10:12 pkrvmuufc7wqmmx systemd-networkd[1201]: eth0: Configured
Oct 24 17:10:12 pkrvmuufc7wqmmx systemd-timesyncd[758]: Network configuration changed, trying to establish connection.
Oct 24 17:10:12 pkrvmuufc7wqmmx systemd-networkd-wait-online[1218]: managing: eth0
Oct 24 17:10:12 pkrvmuufc7wqmmx systemd-networkd-wait-online[1218]: ignoring: lo
Oct 24 17:10:12 pkrvmuufc7wqmmx systemd[1]: Started Wait for Network to be Configured.
Oct 24 17:10:12 pkrvmuufc7wqmmx systemd[1]: Starting Initial cloud-init job (metadata service crawler)...
Oct 24 17:10:12 pkrvmuufc7wqmmx cloud-init[1236]: Cloud-init v. 22.3.4-0ubuntu1~18.04.1 running 'init' at Mon, 24 Oct 2022 17:10:10 +0000. Up 21487.06 seconds.
Oct 24 17:10:12 pkrvmuufc7wqmmx cloud-init[1236]: ci-info: ++++++++++++++++++++++++++++++++++++++Net device info+++++++++++++++++++++++++++++++++++++++
Oct 24 17:10:12 pkrvmuufc7wqmmx cloud-init[1236]: ci-info: +--------+------+-----------------------------+---------------+--------+-------------------+
Oct 24 17:10:12 pkrvmuufc7wqmmx cloud-init[1236]: ci-info: | Device |  Up  |           Address           |      Mask     | Scope  |     Hw-Address    |
Oct 24 17:10:12 pkrvmuufc7wqmmx cloud-init[1236]: ci-info: +--------+------+-----------------------------+---------------+--------+-------------------+
Oct 24 17:10:12 pkrvmuufc7wqmmx cloud-init[1236]: ci-info: |  eth0  | True |           10.0.0.4          | 255.255.255.0 | global | 00:22:48:2b:e8:00 |
Oct 24 17:10:12 pkrvmuufc7wqmmx cloud-init[1236]: ci-info: |  eth0  | True | fe80::222:48ff:fe2b:e800/64 |       .       |  link  | 00:22:48:2b:e8:00 |
Oct 24 17:10:12 pkrvmuufc7wqmmx cloud-init[1236]: ci-info: |   lo   | True |          127.0.0.1          |   255.0.0.0   |  host  |         .         |
Oct 24 17:10:12 pkrvmuufc7wqmmx cloud-init[1236]: ci-info: |   lo   | True |           ::1/128           |       .       |  host  |         .         |
Oct 24 17:10:12 pkrvmuufc7wqmmx cloud-init[1236]: ci-info: +--------+------+-----------------------------+---------------+--------+-------------------+
Oct 24 17:10:12 pkrvmuufc7wqmmx cloud-init[1236]: ci-info: ++++++++++++++++++++++++++++++Route IPv4 info+++++++++++++++++++++++++++++++
Oct 24 17:10:12 pkrvmuufc7wqmmx cloud-init[1236]: ci-info: +-------+-----------------+----------+-----------------+-----------+-------+
Oct 24 17:10:12 pkrvmuufc7wqmmx cloud-init[1236]: ci-info: | Route |   Destination   | Gateway  |     Genmask     | Interface | Flags |
Oct 24 17:10:12 pkrvmuufc7wqmmx cloud-init[1236]: ci-info: +-------+-----------------+----------+-----------------+-----------+-------+
Oct 24 17:10:12 pkrvmuufc7wqmmx cloud-init[1236]: ci-info: |   0   |     0.0.0.0     | 10.0.0.1 |     0.0.0.0     |    eth0   |   UG  |
Oct 24 17:10:12 pkrvmuufc7wqmmx cloud-init[1236]: ci-info: |   1   |     10.0.0.0    | 0.0.0.0  |  255.255.255.0  |    eth0   |   U   |
Oct 24 17:10:12 pkrvmuufc7wqmmx cloud-init[1236]: ci-info: |   2   |  168.63.129.16  | 10.0.0.1 | 255.255.255.255 |    eth0   |  UGH  |
Oct 24 17:10:12 pkrvmuufc7wqmmx cloud-init[1236]: ci-info: |   3   | 169.254.169.254 | 10.0.0.1 | 255.255.255.255 |    eth0   |  UGH  |
Oct 24 17:10:12 pkrvmuufc7wqmmx cloud-init[1236]: ci-info: +-------+-----------------+----------+-----------------+-----------+-------+
Oct 24 17:10:12 pkrvmuufc7wqmmx cloud-init[1236]: ci-info: +++++++++++++++++++Route IPv6 info+++++++++++++++++++
Oct 24 17:10:12 pkrvmuufc7wqmmx cloud-init[1236]: ci-info: +-------+-------------+---------+-----------+-------+
Oct 24 17:10:12 pkrvmuufc7wqmmx cloud-init[1236]: ci-info: | Route | Destination | Gateway | Interface | Flags |
Oct 24 17:10:12 pkrvmuufc7wqmmx cloud-init[1236]: ci-info: +-------+-------------+---------+-----------+-------+
Oct 24 17:10:12 pkrvmuufc7wqmmx cloud-init[1236]: ci-info: |   1   |  fe80::/64  |    ::   |    eth0   |   U   |
Oct 24 17:10:12 pkrvmuufc7wqmmx cloud-init[1236]: ci-info: |   3   |    local    |    ::   |    eth0   |   U   |
Oct 24 17:10:12 pkrvmuufc7wqmmx cloud-init[1236]: ci-info: |   4   |  multicast  |    ::   |    eth0   |   U   |
Oct 24 17:10:12 pkrvmuufc7wqmmx cloud-init[1236]: ci-info: +-------+-------------+---------+-----------+-------+
Oct 24 17:10:12 pkrvmuufc7wqmmx ntfs-3g[1294]: Version 2017.3.23 integrated FUSE 28
Oct 24 17:10:12 pkrvmuufc7wqmmx ntfs-3g[1294]: Mounted /dev/sdb1 (Read-Only, label "Temporary Storage", NTFS 3.1)
Oct 24 17:10:12 pkrvmuufc7wqmmx ntfs-3g[1294]: Cmdline options: ro
Oct 24 17:10:12 pkrvmuufc7wqmmx ntfs-3g[1294]: Mount options: ro,allow_other,nonempty,relatime,fsname=/dev/sdb1,blkdev,blksize=4096
Oct 24 17:10:12 pkrvmuufc7wqmmx ntfs-3g[1294]: Ownership and permissions disabled, configuration type 7
Oct 24 17:10:12 pkrvmuufc7wqmmx ntfs-3g[1294]: Unmounting /dev/sdb1 (Temporary Storage)
Oct 24 17:10:12 pkrvmuufc7wqmmx systemd[1]: Reloading.
Oct 24 17:10:12 pkrvmuufc7wqmmx systemd[1]: dev-disk-cloud-azure_resource\x2dpart1.device: Dependency Before=network-online.target ignored (.device units cannot be delayed)
Oct 24 17:10:12 pkrvmuufc7wqmmx systemd[1]: dev-disk-cloud-azure_resource\x2dpart1.device: Dependency Before=network.target ignored (.device units cannot be delayed)
Oct 24 17:10:12 pkrvmuufc7wqmmx cloud-init[1236]: Generating public/private rsa key pair.
Oct 24 17:10:12 pkrvmuufc7wqmmx cloud-init[1236]: Your identification has been saved in /etc/ssh/ssh_host_rsa_key.
Oct 24 17:10:12 pkrvmuufc7wqmmx cloud-init[1236]: Your public key has been saved in /etc/ssh/ssh_host_rsa_key.pub.
Oct 24 17:10:12 pkrvmuufc7wqmmx cloud-init[1236]: The key fingerprint is:
Oct 24 17:10:12 pkrvmuufc7wqmmx cloud-init[1236]: SHA256:X3MYNMRAo75U3M5Nvkwe3+7J4CeNxL7pwE8c0x2GXsw root@pkrvmuufc7wqmmx
Oct 24 17:10:12 pkrvmuufc7wqmmx cloud-init[1236]: The key's randomart image is:
Oct 24 17:10:12 pkrvmuufc7wqmmx cloud-init[1236]: +---[RSA 2048]----+
Oct 24 17:10:12 pkrvmuufc7wqmmx cloud-init[1236]: |         .+++    |
Oct 24 17:10:12 pkrvmuufc7wqmmx cloud-init[1236]: |         o +..+  |
Oct 24 17:10:12 pkrvmuufc7wqmmx cloud-init[1236]: |        . o o..E |
Oct 24 17:10:12 pkrvmuufc7wqmmx cloud-init[1236]: |       . . o.*+ o|
Oct 24 17:10:12 pkrvmuufc7wqmmx cloud-init[1236]: |        S   B+*..|
Oct 24 17:10:12 pkrvmuufc7wqmmx cloud-init[1236]: |       . o...Oo+.|
Oct 24 17:10:12 pkrvmuufc7wqmmx cloud-init[1236]: |        . .oo+* o|
Oct 24 17:10:12 pkrvmuufc7wqmmx cloud-init[1236]: |            =+++.|
Oct 24 17:10:12 pkrvmuufc7wqmmx cloud-init[1236]: |            .*++o|
Oct 24 17:10:12 pkrvmuufc7wqmmx cloud-init[1236]: +----[SHA256]-----+
Oct 24 17:10:12 pkrvmuufc7wqmmx cloud-init[1236]: Generating public/private dsa key pair.
Oct 24 17:10:12 pkrvmuufc7wqmmx cloud-init[1236]: Your identification has been saved in /etc/ssh/ssh_host_dsa_key.
Oct 24 17:10:12 pkrvmuufc7wqmmx cloud-init[1236]: Your public key has been saved in /etc/ssh/ssh_host_dsa_key.pub.
Oct 24 17:10:12 pkrvmuufc7wqmmx cloud-init[1236]: The key fingerprint is:
Oct 24 17:10:12 pkrvmuufc7wqmmx cloud-init[1236]: SHA256:5rBhf7Fki4hJ98vFCmu2sODtRazkwfiJ6L3fcnBhgps root@pkrvmuufc7wqmmx
Oct 24 17:10:12 pkrvmuufc7wqmmx cloud-init[1236]: The key's randomart image is:
Oct 24 17:10:12 pkrvmuufc7wqmmx cloud-init[1236]: +---[DSA 1024]----+
Oct 24 17:10:12 pkrvmuufc7wqmmx cloud-init[1236]: |                 |
Oct 24 17:10:12 pkrvmuufc7wqmmx cloud-init[1236]: |                 |
Oct 24 17:10:12 pkrvmuufc7wqmmx cloud-init[1236]: |    .            |
Oct 24 17:10:12 pkrvmuufc7wqmmx cloud-init[1236]: |   + o o         |
Oct 24 17:10:12 pkrvmuufc7wqmmx cloud-init[1236]: |  . B X S +      |
Oct 24 17:10:12 pkrvmuufc7wqmmx cloud-init[1236]: | . E @ @ = +     |
Oct 24 17:10:12 pkrvmuufc7wqmmx cloud-init[1236]: |. o O B = *      |
Oct 24 17:10:12 pkrvmuufc7wqmmx cloud-init[1236]: |...o =+= =       |
Oct 24 17:10:12 pkrvmuufc7wqmmx cloud-init[1236]: | ..+*+=o+        |
Oct 24 17:10:12 pkrvmuufc7wqmmx cloud-init[1236]: +----[SHA256]-----+
Oct 24 17:10:12 pkrvmuufc7wqmmx cloud-init[1236]: Generating public/private ecdsa key pair.
Oct 24 17:10:12 pkrvmuufc7wqmmx cloud-init[1236]: Your identification has been saved in /etc/ssh/ssh_host_ecdsa_key.
Oct 24 17:10:12 pkrvmuufc7wqmmx cloud-init[1236]: Your public key has been saved in /etc/ssh/ssh_host_ecdsa_key.pub.
Oct 24 17:10:12 pkrvmuufc7wqmmx cloud-init[1236]: The key fingerprint is:
Oct 24 17:10:12 pkrvmuufc7wqmmx cloud-init[1236]: SHA256:gzBeYBodCvclYCZtIKZ0P/URrsNXLPz6ZmRtnHwNPJE root@pkrvmuufc7wqmmx
Oct 24 17:10:12 pkrvmuufc7wqmmx cloud-init[1236]: The key's randomart image is:
Oct 24 17:10:12 pkrvmuufc7wqmmx cloud-init[1236]: +---[ECDSA 256]---+
Oct 24 17:10:12 pkrvmuufc7wqmmx cloud-init[1236]: |==*+=... o.    . |
Oct 24 17:10:12 pkrvmuufc7wqmmx cloud-init[1236]: |=*+*o+. + o   E  |
Oct 24 17:10:12 pkrvmuufc7wqmmx cloud-init[1236]: |..o +o.  = o . . |
Oct 24 17:10:12 pkrvmuufc7wqmmx cloud-init[1236]: |   . +o.. +   +  |
Oct 24 17:10:12 pkrvmuufc7wqmmx cloud-init[1236]: |    . .+S. .+ .o.|
Oct 24 17:10:12 pkrvmuufc7wqmmx cloud-init[1236]: |        o..o * ..|
Oct 24 17:10:12 pkrvmuufc7wqmmx cloud-init[1236]: |         .o . .  |
Oct 24 17:10:12 pkrvmuufc7wqmmx cloud-init[1236]: |          .o     |
Oct 24 17:10:12 pkrvmuufc7wqmmx cloud-init[1236]: |          o.     |
Oct 24 17:10:12 pkrvmuufc7wqmmx cloud-init[1236]: +----[SHA256]-----+
Oct 24 17:10:12 pkrvmuufc7wqmmx cloud-init[1236]: Generating public/private ed25519 key pair.
Oct 24 17:10:12 pkrvmuufc7wqmmx cloud-init[1236]: Your identification has been saved in /etc/ssh/ssh_host_ed25519_key.
Oct 24 17:10:12 pkrvmuufc7wqmmx cloud-init[1236]: Your public key has been saved in /etc/ssh/ssh_host_ed25519_key.pub.
Oct 24 17:10:12 pkrvmuufc7wqmmx cloud-init[1236]: The key fingerprint is:
Oct 24 17:10:12 pkrvmuufc7wqmmx cloud-init[1236]: SHA256:RNX9XQr0m2cKH5Nsp20TEruM1Pqn1/G6dEhhkSrGrp8 root@pkrvmuufc7wqmmx
Oct 24 17:10:12 pkrvmuufc7wqmmx cloud-init[1236]: The key's randomart image is:
Oct 24 17:10:12 pkrvmuufc7wqmmx cloud-init[1236]: +--[ED25519 256]--+
Oct 24 17:10:12 pkrvmuufc7wqmmx cloud-init[1236]: |        ...o.... |
Oct 24 17:10:12 pkrvmuufc7wqmmx cloud-init[1236]: |       .    o.o..|
Oct 24 17:10:12 pkrvmuufc7wqmmx cloud-init[1236]: |        ..   ++oo|
Oct 24 17:10:12 pkrvmuufc7wqmmx cloud-init[1236]: |       .  + oo+=o|
Oct 24 17:10:12 pkrvmuufc7wqmmx cloud-init[1236]: |        So o.+X.+|
Oct 24 17:10:12 pkrvmuufc7wqmmx cloud-init[1236]: |          o +=o%.|
Oct 24 17:10:12 pkrvmuufc7wqmmx cloud-init[1236]: |         . o o*.B|
Oct 24 17:10:12 pkrvmuufc7wqmmx cloud-init[1236]: |        .  ... =+|
Oct 24 17:10:12 pkrvmuufc7wqmmx systemd[1]: Started Initial cloud-init job (metadata service crawler).
Oct 24 17:10:12 pkrvmuufc7wqmmx cron[1497]: (CRON) INFO (pidfile fd = 3)
Oct 24 17:10:12 pkrvmuufc7wqmmx cloud-init[1236]: |         .E  o*o |
Oct 24 17:10:12 pkrvmuufc7wqmmx cloud-init[1236]: +----[SHA256]-----+
Oct 24 17:10:12 pkrvmuufc7wqmmx systemd[1]: Reached target System Initialization.
Oct 24 17:10:12 pkrvmuufc7wqmmx cron[1497]: (CRON) INFO (Running @reboot jobs)
Oct 24 17:10:12 pkrvmuufc7wqmmx lxcfs[1470]: mount namespace: 5
Oct 24 17:10:12 pkrvmuufc7wqmmx lxcfs[1470]: hierarchies:
Oct 24 17:10:12 pkrvmuufc7wqmmx lxcfs[1470]:   0: fd:   6: perf_event
Oct 24 17:10:12 pkrvmuufc7wqmmx lxcfs[1470]:   1: fd:   7: blkio
Oct 24 17:10:12 pkrvmuufc7wqmmx lxcfs[1470]:   2: fd:   8: cpuset
Oct 24 17:10:12 pkrvmuufc7wqmmx lxcfs[1470]:   3: fd:   9: freezer
Oct 24 17:10:12 pkrvmuufc7wqmmx lxcfs[1470]:   4: fd:  10: devices
Oct 24 17:10:12 pkrvmuufc7wqmmx lxcfs[1470]:   5: fd:  11: memory
Oct 24 17:10:12 pkrvmuufc7wqmmx lxcfs[1470]:   6: fd:  12: hugetlb
Oct 24 17:10:12 pkrvmuufc7wqmmx lxcfs[1470]:   7: fd:  13: rdma
Oct 24 17:10:12 pkrvmuufc7wqmmx lxcfs[1470]:   8: fd:  14: pids
Oct 24 17:10:12 pkrvmuufc7wqmmx lxcfs[1470]:   9: fd:  15: net_cls,net_prio
Oct 24 17:10:12 pkrvmuufc7wqmmx lxcfs[1470]:  10: fd:  16: cpu,cpuacct
Oct 24 17:10:12 pkrvmuufc7wqmmx lxcfs[1470]:  11: fd:  17: name=systemd
Oct 24 17:10:12 pkrvmuufc7wqmmx lxcfs[1470]:  12: fd:  18: unified
Oct 24 17:10:12 pkrvmuufc7wqmmx systemd[1]: Starting Socket activation for snappy daemon.
Oct 24 17:10:12 pkrvmuufc7wqmmx rsyslogd: imuxsock: Acquired UNIX socket '/run/systemd/journal/syslog' (fd 3) from systemd.  [v8.32.0]
Oct 24 17:10:12 pkrvmuufc7wqmmx systemd[1]: Started Message of the Day.
Oct 24 17:10:12 pkrvmuufc7wqmmx rsyslogd: rsyslogd's groupid changed to 106
Oct 24 17:10:12 pkrvmuufc7wqmmx systemd[1]: Listening on D-Bus System Message Bus Socket.
Oct 24 17:10:12 pkrvmuufc7wqmmx rsyslogd: rsyslogd's userid changed to 102
Oct 24 17:10:12 pkrvmuufc7wqmmx systemd[1]: Started Daily apt download activities.
Oct 24 17:10:12 pkrvmuufc7wqmmx rsyslogd:  [origin software="rsyslogd" swVersion="8.32.0" x-pid="1488" x-info="http://www.rsyslog.com"] start
Oct 24 17:10:12 pkrvmuufc7wqmmx systemd[1]: Listening on cloud-init hotplug hook socket.
Oct 24 17:10:12 pkrvmuufc7wqmmx dbus-daemon[1498]: [system] AppArmor D-Bus mediation is enabled
Oct 24 17:10:12 pkrvmuufc7wqmmx systemd[1]: Started Ubuntu Advantage Timer for running repeated jobs.
Oct 24 17:10:12 pkrvmuufc7wqmmx dbus-daemon[1498]: [system] Activating via systemd: service name='org.freedesktop.PolicyKit1' unit='polkit.service' requested by ':1.3' (uid=0 pid=1471 comm="/usr/lib/accountsservice/accounts-daemon " label="unconfined")
Oct 24 17:10:12 pkrvmuufc7wqmmx systemd[1]: Listening on Open-iSCSI iscsid Socket.
Oct 24 17:10:12 pkrvmuufc7wqmmx polkitd[1530]: started daemon version 0.105 using authority implementation `local' version `0.105'
Oct 24 17:10:12 pkrvmuufc7wqmmx apport[1485]:  * Starting automatic crash report generation: apport
Oct 24 17:10:12 pkrvmuufc7wqmmx apport[1485]:    ...done.
Oct 24 17:10:12 pkrvmuufc7wqmmx systemd[1]: Started ACPI Events Check.
Oct 24 17:10:12 pkrvmuufc7wqmmx dbus-daemon[1498]: [system] Successfully activated service 'org.freedesktop.PolicyKit1'
Oct 24 17:10:12 pkrvmuufc7wqmmx systemd[1]: Reached target Paths.
Oct 24 17:10:12 pkrvmuufc7wqmmx accounts-daemon[1471]: started daemon version 0.6.45
Oct 24 17:10:12 pkrvmuufc7wqmmx systemd[1]: Started Discard unused blocks once a week.
Oct 24 17:10:12 pkrvmuufc7wqmmx pollinate[1489]: client sent challenge to [https://entropy.ubuntu.com/]
Oct 24 17:10:12 pkrvmuufc7wqmmx grub-common[1487]:  * Recording successful boot for GRUB
Oct 24 17:10:12 pkrvmuufc7wqmmx grub-common[1487]:    ...done.
Oct 24 17:10:12 pkrvmuufc7wqmmx systemd[1]: Started Daily Cleanup of Temporary Directories.
Oct 24 17:10:12 pkrvmuufc7wqmmx snapd[1492]: AppArmor status: apparmor is enabled and all features are available
Oct 24 17:10:12 pkrvmuufc7wqmmx systemd[1]: Listening on ACPID Listen Socket.
Oct 24 17:10:12 pkrvmuufc7wqmmx systemd[1]: Starting LXD - unix socket.
Oct 24 17:10:12 pkrvmuufc7wqmmx systemd[1]: Started Daily apt upgrade and clean activities.
Oct 24 17:10:12 pkrvmuufc7wqmmx systemd[1]: Reached target Timers.
Oct 24 17:10:12 pkrvmuufc7wqmmx systemd[1]: Listening on UUID daemon activation socket.
Oct 24 17:10:12 pkrvmuufc7wqmmx systemd[1]: Reached target Network is Online.
Oct 24 17:10:12 pkrvmuufc7wqmmx systemd[1]: Reached target Remote File Systems (Pre).
Oct 24 17:10:12 pkrvmuufc7wqmmx systemd[1]: Reached target Remote File Systems.
Oct 24 17:10:12 pkrvmuufc7wqmmx systemd[1]: Starting Availability of block devices...
Oct 24 17:10:12 pkrvmuufc7wqmmx systemd[1]: Reached target Cloud-config availability.
Oct 24 17:10:12 pkrvmuufc7wqmmx systemd[1]: Listening on Socket activation for snappy daemon.
Oct 24 17:10:12 pkrvmuufc7wqmmx systemd[1]: Starting Cleanup of Temporary Directories...
Oct 24 17:10:12 pkrvmuufc7wqmmx systemd[1]: Listening on LXD - unix socket.
Oct 24 17:10:12 pkrvmuufc7wqmmx systemd[1]: Reached target Sockets.
Oct 24 17:10:12 pkrvmuufc7wqmmx systemd[1]: Reached target Basic System.
Oct 24 17:10:12 pkrvmuufc7wqmmx systemd[1]: Starting Dispatcher daemon for systemd-networkd...
Oct 24 17:10:12 pkrvmuufc7wqmmx systemd[1]: Started FUSE filesystem for LXC.
Oct 24 17:10:12 pkrvmuufc7wqmmx systemd[1]: Starting Accounts Service...
Oct 24 17:10:12 pkrvmuufc7wqmmx systemd[1]: Starting Message of the Day...
Oct 24 17:10:12 pkrvmuufc7wqmmx systemd[1]: Starting Login Service...
Oct 24 17:10:12 pkrvmuufc7wqmmx systemd[1]: Starting LSB: automatic crash report generation...
Oct 24 17:10:12 pkrvmuufc7wqmmx systemd[1]: Started Azure Linux Agent.
Oct 24 17:10:12 pkrvmuufc7wqmmx systemd[1]: Starting LSB: Record successful boot for GRUB...
Oct 24 17:10:12 pkrvmuufc7wqmmx systemd[1]: Starting System Logging Service...
Oct 24 17:10:12 pkrvmuufc7wqmmx systemd[1]: Starting Pollinate to seed the pseudo random number generator...
Oct 24 17:10:12 pkrvmuufc7wqmmx systemd[1]: Starting Snap Daemon...
Oct 24 17:10:12 pkrvmuufc7wqmmx systemd[1]: Started irqbalance daemon.
Oct 24 17:10:12 pkrvmuufc7wqmmx systemd[1]: Started Deferred execution scheduler.
Oct 24 17:10:12 pkrvmuufc7wqmmx systemd[1]: Starting Ubuntu Advantage Timer for running repeated jobs...
Oct 24 17:10:12 pkrvmuufc7wqmmx systemd[1]: Started Regular background program processing daemon.
Oct 24 17:10:12 pkrvmuufc7wqmmx systemd[1]: Started D-Bus System Message Bus.
Oct 24 17:10:12 pkrvmuufc7wqmmx systemd[1]: Starting Permit User Sessions...
Oct 24 17:10:12 pkrvmuufc7wqmmx systemd[1]: Starting LXD - container startup/shutdown...
Oct 24 17:10:12 pkrvmuufc7wqmmx systemd[1]: Started System Logging Service.
Oct 24 17:10:12 pkrvmuufc7wqmmx systemd[1]: Started Availability of block devices.
Oct 24 17:10:12 pkrvmuufc7wqmmx systemd[1]: Started Permit User Sessions.
Oct 24 17:10:12 pkrvmuufc7wqmmx systemd[1]: Starting Terminate Plymouth Boot Screen...
Oct 24 17:10:12 pkrvmuufc7wqmmx systemd[1]: Starting Hold until boot process finishes up...
Oct 24 17:10:12 pkrvmuufc7wqmmx systemd[1]: Started Hold until boot process finishes up.
Oct 24 17:10:12 pkrvmuufc7wqmmx systemd[1]: Starting Authorization Manager...
Oct 24 17:10:12 pkrvmuufc7wqmmx systemd[1]: Started Serial Getty on ttyS0.
Oct 24 17:10:12 pkrvmuufc7wqmmx systemd[1]: Starting Set console scheme...
Oct 24 17:10:12 pkrvmuufc7wqmmx systemd[1]: Started Terminate Plymouth Boot Screen.
Oct 24 17:10:12 pkrvmuufc7wqmmx systemd[1]: Started Set console scheme.
Oct 24 17:10:12 pkrvmuufc7wqmmx systemd[1]: Created slice system-getty.slice.
Oct 24 17:10:12 pkrvmuufc7wqmmx systemd[1]: Started Getty on tty1.
Oct 24 17:10:12 pkrvmuufc7wqmmx systemd[1]: Reached target Login Prompts.
Oct 24 17:10:12 pkrvmuufc7wqmmx systemd[1]: Started Authorization Manager.
Oct 24 17:10:12 pkrvmuufc7wqmmx systemd[1]: Started Login Service.
Oct 24 17:10:12 pkrvmuufc7wqmmx systemd[1]: Started Unattended Upgrades Shutdown.
Oct 24 17:10:12 pkrvmuufc7wqmmx systemd[1]: Started Cleanup of Temporary Directories.
Oct 24 17:10:12 pkrvmuufc7wqmmx systemd[1]: Started Accounts Service.
Oct 24 17:10:12 pkrvmuufc7wqmmx systemd[1]: Started LSB: automatic crash report generation.
Oct 24 17:10:12 pkrvmuufc7wqmmx systemd[1]: Started LSB: Record successful boot for GRUB.
Oct 24 17:10:12 pkrvmuufc7wqmmx systemd[1]: Started LXD - container startup/shutdown.
Oct 24 17:10:12 pkrvmuufc7wqmmx snapd[1492]: overlord.go:263: Acquiring state lock file
Oct 24 17:10:12 pkrvmuufc7wqmmx snapd[1492]: overlord.go:268: Acquired state lock file
Oct 24 17:10:12 pkrvmuufc7wqmmx networkd-dispatcher[1469]: No valid path found for iwconfig
Oct 24 17:10:12 pkrvmuufc7wqmmx snapd[1492]: daemon.go:247: started snapd/2.55.5+18.04 (series 16; classic) ubuntu/18.04 (amd64) linux/5.4.0-1094-azure.
Oct 24 17:10:12 pkrvmuufc7wqmmx systemd[1]: Started Dispatcher daemon for systemd-networkd.
Oct 24 17:10:12 pkrvmuufc7wqmmx snapd[1492]: daemon.go:340: adjusting startup timeout by 30s (pessimistic estimate of 30s plus 5s per snap)
Oct 24 17:10:12 pkrvmuufc7wqmmx snapd[1492]: helpers.go:137: error trying to compare the snap system key: system-key missing on disk
Oct 24 17:10:12 pkrvmuufc7wqmmx python3[1486]: 2022/10/24 17:10:12.831006 INFO Daemon Azure Linux Agent Version:2.2.45
Oct 24 17:10:12 pkrvmuufc7wqmmx python3[1486]: 2022/10/24 17:10:12.833759 INFO Daemon OS: ubuntu 18.04
Oct 24 17:10:12 pkrvmuufc7wqmmx python3[1486]: 2022/10/24 17:10:12.835847 INFO Daemon Python: 3.6.9
Oct 24 17:10:12 pkrvmuufc7wqmmx python3[1486]: 2022/10/24 17:10:12.841090 INFO Daemon CGroups Status: The cgroup filesystem is ready to use
Oct 24 17:10:12 pkrvmuufc7wqmmx python3[1486]: 2022/10/24 17:10:12.849749 INFO Daemon Run daemon
Oct 24 17:10:12 pkrvmuufc7wqmmx python3[1486]: 2022/10/24 17:10:12.864268 INFO Daemon cloud-init is enabled: True
Oct 24 17:10:12 pkrvmuufc7wqmmx python3[1486]: 2022/10/24 17:10:12.869164 INFO Daemon Using cloud-init for provisioning
Oct 24 17:10:12 pkrvmuufc7wqmmx python3[1486]: 2022/10/24 17:10:12.877233 INFO Daemon Clean protocol
Oct 24 17:10:12 pkrvmuufc7wqmmx python3[1486]: 2022/10/24 17:10:12.879118 INFO Daemon Running CloudInit provisioning handler
Oct 24 17:10:12 pkrvmuufc7wqmmx python3[1486]: 2022/10/24 17:10:12.892611 INFO Daemon Detect protocol endpoints
Oct 24 17:10:12 pkrvmuufc7wqmmx python3[1486]: 2022/10/24 17:10:12.894854 INFO Daemon Clean protocol
Oct 24 17:10:12 pkrvmuufc7wqmmx python3[1486]: 2022/10/24 17:10:12.904803 INFO Daemon WireServer endpoint is not found. Rerun dhcp handler
Oct 24 17:10:12 pkrvmuufc7wqmmx python3[1486]: 2022/10/24 17:10:12.907619 INFO Daemon Test for route to 168.63.129.16
Oct 24 17:10:12 pkrvmuufc7wqmmx python3[1486]: 2022/10/24 17:10:12.909888 INFO Daemon Route to 168.63.129.16 exists
Oct 24 17:10:12 pkrvmuufc7wqmmx python3[1486]: 2022/10/24 17:10:12.911980 INFO Daemon Wire server endpoint:168.63.129.16
Oct 24 17:10:12 pkrvmuufc7wqmmx python3[1486]: 2022/10/24 17:10:12.925573 INFO Daemon Fabric preferred wire protocol version:2015-04-05
Oct 24 17:10:12 pkrvmuufc7wqmmx python3[1486]: 2022/10/24 17:10:12.928290 INFO Daemon Wire protocol version:2012-11-30
Oct 24 17:10:12 pkrvmuufc7wqmmx python3[1486]: 2022/10/24 17:10:12.936763 INFO Daemon Server preferred version:2015-04-05
Oct 24 17:10:12 pkrvmuufc7wqmmx systemd[1]: Started Snap Daemon.
Oct 24 17:10:12 pkrvmuufc7wqmmx systemd[1]: Starting Wait until snapd is fully seeded...
Oct 24 17:10:13 pkrvmuufc7wqmmx pollinate[1489]: client verified challenge/response with [https://entropy.ubuntu.com/]
Oct 24 17:10:13 pkrvmuufc7wqmmx pollinate[1489]: client hashed response from [https://entropy.ubuntu.com/]
Oct 24 17:10:13 pkrvmuufc7wqmmx pollinate[1489]: client successfully seeded [/dev/urandom]
Oct 24 17:10:13 pkrvmuufc7wqmmx systemd[1]: Started Pollinate to seed the pseudo random number generator.
Oct 24 17:10:13 pkrvmuufc7wqmmx systemd[1]: Starting OpenBSD Secure Shell server...
Oct 24 17:10:13 pkrvmuufc7wqmmx systemd[1]: Started OpenBSD Secure Shell server.
Oct 24 17:10:13 pkrvmuufc7wqmmx python3[1486]: 2022/10/24 17:10:13.089844 INFO Daemon Certificate with thumbprint 85D28D893CB47D5547AFD0613D9259F369F73207 has no matching private key.
Oct 24 17:10:13 pkrvmuufc7wqmmx python3[1486]: 2022/10/24 17:10:13.105333 INFO Daemon ssh host key found at: /etc/ssh/ssh_host_rsa_key.pub
Oct 24 17:10:13 pkrvmuufc7wqmmx python3[1486]: 2022/10/24 17:10:13.112714 INFO Daemon Thumbprint obtained from : /etc/ssh/ssh_host_rsa_key.pub
Oct 24 17:10:13 pkrvmuufc7wqmmx python3[1486]: 2022/10/24 17:10:13.116350 INFO Daemon Finished provisioning
Oct 24 17:10:13 pkrvmuufc7wqmmx dbus-daemon[1498]: [system] Activating via systemd: service name='org.freedesktop.timedate1' unit='dbus-org.freedesktop.timedate1.service' requested by ':1.8' (uid=0 pid=1492 comm="/usr/lib/snapd/snapd " label="unconfined")
Oct 24 17:10:13 pkrvmuufc7wqmmx systemd[1]: Starting Time & Date Service...
Oct 24 17:10:13 pkrvmuufc7wqmmx dbus-daemon[1498]: [system] Successfully activated service 'org.freedesktop.timedate1'
Oct 24 17:10:13 pkrvmuufc7wqmmx systemd[1]: Started Time & Date Service.
Oct 24 17:10:13 pkrvmuufc7wqmmx 50-motd-news[1472]:  * Super-optimized for small spaces - read how we shrank the memory
Oct 24 17:10:13 pkrvmuufc7wqmmx 50-motd-news[1472]:    footprint of MicroK8s to make it the smallest full K8s around.
Oct 24 17:10:13 pkrvmuufc7wqmmx 50-motd-news[1472]:    https://ubuntu.com/blog/microk8s-memory-optimisation
Oct 24 17:10:13 pkrvmuufc7wqmmx systemd[1]: Started Message of the Day.
Oct 24 17:10:14 pkrvmuufc7wqmmx python3[1486]: 2022/10/24 17:10:14.134179 INFO Daemon RDMA capabilities are not enabled, skipping
Oct 24 17:10:14 pkrvmuufc7wqmmx python3[1486]: 2022/10/24 17:10:14.138224 INFO Daemon Installed Agent WALinuxAgent-2.2.45 is the most current agent
Oct 24 17:10:14 pkrvmuufc7wqmmx python3[1486]: 2022/10/24 17:10:14.250530 INFO ExtHandler Agent WALinuxAgent-2.2.45 is running as the goal state agent
Oct 24 17:10:14 pkrvmuufc7wqmmx python3[1486]: 2022/10/24 17:10:14.254282 INFO ExtHandler Distro info: ubuntu 18.04, osutil class being used: Ubuntu18OSUtil, agent service name: walinuxagent
Oct 24 17:10:14 pkrvmuufc7wqmmx python3[1486]: 2022/10/24 17:10:14.260546 INFO ExtHandler Wire server endpoint:168.63.129.16
Oct 24 17:10:14 pkrvmuufc7wqmmx python3[1486]: 2022/10/24 17:10:14.282220 INFO ExtHandler Start env monitor service.
Oct 24 17:10:14 pkrvmuufc7wqmmx python3[1486]: 2022/10/24 17:10:14.284566 INFO ExtHandler Configure routes
Oct 24 17:10:14 pkrvmuufc7wqmmx python3[1486]: 2022/10/24 17:10:14.286668 INFO ExtHandler Gateway:None
Oct 24 17:10:14 pkrvmuufc7wqmmx python3[1486]: 2022/10/24 17:10:14.288719 INFO ExtHandler Routes:None
Oct 24 17:10:14 pkrvmuufc7wqmmx python3[1486]: 2022/10/24 17:10:14.291402 INFO ExtHandler Hostname record does not exist, creating [/var/lib/waagent/published_hostname] with hostname [pkrvmuufc7wqmmx]
Oct 24 17:10:14 pkrvmuufc7wqmmx kernel: [21491.158512] bpfilter: Loaded bpfilter_umh pid 1756
Oct 24 17:10:14 pkrvmuufc7wqmmx kernel: [21491.158789] Started bpfilter
Oct 24 17:10:14 pkrvmuufc7wqmmx python3[1486]: 2022/10/24 17:10:14.304835 INFO ExtHandler Wire server endpoint:168.63.129.16
Oct 24 17:10:14 pkrvmuufc7wqmmx python3[1486]: 2022/10/24 17:10:14.305956 INFO ExtHandler WALinuxAgent-2.2.45 running as process 1745
Oct 24 17:10:14 pkrvmuufc7wqmmx python3[1486]: 2022/10/24 17:10:14.314591 INFO ExtHandler CGroups Status: The cgroup filesystem is ready to use
Oct 24 17:10:14 pkrvmuufc7wqmmx python3[1486]: 2022/10/24 17:10:14.319540 INFO ExtHandler Started tracking new cgroup: walinuxagent.service, path: /sys/fs/cgroup/cpu/system.slice/walinuxagent.service
Oct 24 17:10:14 pkrvmuufc7wqmmx python3[1486]: 2022/10/24 17:10:14.325195 INFO ExtHandler Started tracking new cgroup: walinuxagent.service, path: /sys/fs/cgroup/memory/system.slice/walinuxagent.service
Oct 24 17:10:14 pkrvmuufc7wqmmx systemd[1]: Reloading.
Oct 24 17:10:14 pkrvmuufc7wqmmx python3[1486]: 2022/10/24 17:10:14.384066 INFO ExtHandler Route table: [{"Iface": "eth0", "Destination": "0.0.0.0", "Gateway": "10.0.0.1", "Mask": "0.0.0.0", "Flags": "0x0003", "Metric": "100"},{"Iface": "eth0", "Destination": "10.0.0.0", "Gateway": "0.0.0.0", "Mask": "255.255.255.0", "Flags": "0x0001", "Metric": "0"},{"Iface": "eth0", "Destination": "168.63.129.16", "Gateway": "10.0.0.1", "Mask": "255.255.255.255", "Flags": "0x0007", "Metric": "100"},{"Iface": "eth0", "Destination": "169.254.169.254", "Gateway": "10.0.0.1", "Mask": "255.255.255.255", "Flags": "0x0007", "Metric": "100"}]
Oct 24 17:10:14 pkrvmuufc7wqmmx systemd[1]: dev-disk-cloud-azure_resource\x2dpart1.device: Dependency Before=network-online.target ignored (.device units cannot be delayed)
Oct 24 17:10:14 pkrvmuufc7wqmmx systemd[1]: dev-disk-cloud-azure_resource\x2dpart1.device: Dependency Before=network.target ignored (.device units cannot be delayed)
Oct 24 17:10:14 pkrvmuufc7wqmmx python3[1486]: 2022/10/24 17:10:14.446795 INFO ExtHandler Initial NIC state: [{ "name": "lo", "link": "<LOOPBACK,UP,LOWER_UP> mtu 65536 qdisc noqueue state UNKNOWN mode DEFAULT group default qlen 1000\    link/loopback 00:00:00:00:00:00 brd 00:00:00:00:00:00" }, { "name": "eth0", "link": "<BROADCAST,MULTICAST,UP,LOWER_UP> mtu 1500 qdisc mq state UP mode DEFAULT group default qlen 1000\    link/ether 00:22:48:2b:e8:00 brd ff:ff:ff:ff:ff:ff" }]
Oct 24 17:10:14 pkrvmuufc7wqmmx python3[1486]: 2022/10/24 17:10:14.483833 INFO ExtHandler Successfully added Azure fabric firewall rules
Oct 24 17:10:14 pkrvmuufc7wqmmx python3[1486]: 2022/10/24 17:10:14.495485 INFO ExtHandler Firewall rules:
Oct 24 17:10:14 pkrvmuufc7wqmmx python3[1486]: Chain INPUT (policy ACCEPT 2 packets, 3222 bytes)
Oct 24 17:10:14 pkrvmuufc7wqmmx python3[1486]:     pkts      bytes target     prot opt in     out     source               destination
Oct 24 17:10:14 pkrvmuufc7wqmmx python3[1486]: Chain FORWARD (policy ACCEPT 0 packets, 0 bytes)
Oct 24 17:10:14 pkrvmuufc7wqmmx python3[1486]:     pkts      bytes target     prot opt in     out     source               destination
Oct 24 17:10:14 pkrvmuufc7wqmmx python3[1486]: Chain OUTPUT (policy ACCEPT 2 packets, 104 bytes)
Oct 24 17:10:14 pkrvmuufc7wqmmx python3[1486]:     pkts      bytes target     prot opt in     out     source               destination
Oct 24 17:10:14 pkrvmuufc7wqmmx python3[1486]:        0        0 ACCEPT     tcp  --  *      *       0.0.0.0/0            168.63.129.16        owner UID match 0
Oct 24 17:10:14 pkrvmuufc7wqmmx python3[1486]:        0        0 DROP       tcp  --  *      *       0.0.0.0/0            168.63.129.16        ctstate INVALID,NEW
Oct 24 17:10:14 pkrvmuufc7wqmmx python3[1486]: 2022/10/24 17:10:14.517128 INFO ExtHandler Set block dev timeout: sdb with timeout: 300
Oct 24 17:10:14 pkrvmuufc7wqmmx python3[1486]: 2022/10/24 17:10:14.520846 INFO ExtHandler Set block dev timeout: sda with timeout: 300
Oct 24 17:10:14 pkrvmuufc7wqmmx systemd[1]: Created slice Slice for walinuxagent extensions.
Oct 24 17:10:14 pkrvmuufc7wqmmx python3[1486]: 2022/10/24 17:10:14.526353 INFO ExtHandler Created slice for walinuxagent extensions system-walinuxagent.extensions.slice
Oct 24 17:10:14 pkrvmuufc7wqmmx python3[1486]: 2022/10/24 17:10:14.530913 INFO ExtHandler Wire server endpoint:168.63.129.16
Oct 24 17:10:14 pkrvmuufc7wqmmx python3[1486]: 2022/10/24 17:10:14.654734 INFO ExtHandler Agent WALinuxAgent-2.2.45 discovered update WALinuxAgent-2.8.0.11 -- exiting
Oct 24 17:10:15 pkrvmuufc7wqmmx systemd[1]: Started Wait until snapd is fully seeded.
Oct 24 17:10:15 pkrvmuufc7wqmmx systemd[1]: Starting Apply the settings specified in cloud-config...
Oct 24 17:10:15 pkrvmuufc7wqmmx python3[1486]: 2022/10/24 17:10:15.144562 INFO Daemon Agent WALinuxAgent-2.2.45 launched with command 'python3 -u /usr/sbin/waagent -run-exthandlers' is successfully running
Oct 24 17:10:15 pkrvmuufc7wqmmx python3[1486]: 2022/10/24 17:10:15.151816 INFO Daemon Determined Agent WALinuxAgent-2.8.0.11 to be the latest agent
Oct 24 17:10:15 pkrvmuufc7wqmmx python3[1486]: 2022-10-24T17:10:15.460186Z INFO ExtHandler ExtHandler The agent will now check for updates and then will process extensions. Output to /dev/console will be suspended during those operations.
Oct 24 17:10:15 pkrvmuufc7wqmmx python3[1486]: 2022-10-24T17:10:15.539669Z INFO ExtHandler ExtHandler Azure Linux Agent (Goal State Agent version 2.8.0.11)
Oct 24 17:10:15 pkrvmuufc7wqmmx python3[1486]: 2022-10-24T17:10:15.540005Z INFO ExtHandler ExtHandler OS: ubuntu 18.04
Oct 24 17:10:15 pkrvmuufc7wqmmx python3[1486]: 2022-10-24T17:10:15.540177Z INFO ExtHandler ExtHandler Python: 3.6.9
Oct 24 17:10:15 pkrvmuufc7wqmmx python3[1486]: 2022-10-24T17:10:15.546109Z INFO ExtHandler ExtHandler Distro: ubuntu-18.04; OSUtil: Ubuntu18OSUtil; AgentService: walinuxagent; Python: 3.6.9; systemd: True; LISDrivers: Failed; logrotate: ;
Oct 24 17:10:15 pkrvmuufc7wqmmx python3[1486]: 2022-10-24T17:10:15.546600Z INFO ExtHandler ExtHandler WireServer endpoint 168.63.129.16 read from file
Oct 24 17:10:15 pkrvmuufc7wqmmx python3[1486]: 2022-10-24T17:10:15.547228Z INFO ExtHandler ExtHandler Wire server endpoint:168.63.129.16
Oct 24 17:10:15 pkrvmuufc7wqmmx python3[1486]: 2022-10-24T17:10:15.555047Z INFO ExtHandler Fetched a new incarnation for the WireServer goal state [incarnation 1]
Oct 24 17:10:15 pkrvmuufc7wqmmx python3[1486]: 2022-10-24T17:10:15.569031Z INFO ExtHandler ExtHandler HostGAPlugin version: 1.0.8.133
Oct 24 17:10:15 pkrvmuufc7wqmmx python3[1486]: 2022-10-24T17:10:15.569697Z INFO ExtHandler
Oct 24 17:10:15 pkrvmuufc7wqmmx python3[1486]: 2022-10-24T17:10:15.569789Z INFO ExtHandler Fetched new vmSettings [HostGAPlugin correlation ID: 7a5859e7-929c-47ae-851b-6091194c0323 eTag: 6221188732223165976 source: Fabric]
Oct 24 17:10:15 pkrvmuufc7wqmmx python3[1486]: 2022-10-24T17:10:15.569847Z INFO ExtHandler The vmSettings originated via Fabric; will ignore them.
Oct 24 17:10:15 pkrvmuufc7wqmmx python3[1486]: 2022-10-24T17:10:15.570150Z INFO ExtHandler
Oct 24 17:10:15 pkrvmuufc7wqmmx python3[1486]: 2022-10-24T17:10:15.570225Z INFO ExtHandler Fetching full goal state from the WireServer [incarnation 1]
Oct 24 17:10:15 pkrvmuufc7wqmmx python3[1486]: 2022-10-24T17:10:15.639717Z INFO ExtHandler Downloaded certificate {'thumbprint': '85D28D893CB47D5547AFD0613D9259F369F73207', 'hasPrivateKey': False}
Oct 24 17:10:15 pkrvmuufc7wqmmx python3[1486]: 2022-10-24T17:10:15.640197Z INFO ExtHandler Fetch goal state completed
Oct 24 17:10:15 pkrvmuufc7wqmmx python3[1486]: 2022-10-24T17:10:15.654169Z INFO ExtHandler ExtHandler WALinuxAgent-2.8.0.11 running as process 1840
Oct 24 17:10:15 pkrvmuufc7wqmmx python3[1486]: 2022-10-24T17:10:15.660388Z INFO ExtHandler ExtHandler [CGI] systemd version: systemd 237
Oct 24 17:10:15 pkrvmuufc7wqmmx python3[1486]: +PAM +AUDIT +SELINUX +IMA +APPARMOR +SMACK +SYSVINIT +UTMP +LIBCRYPTSETUP +GCRYPT +GNUTLS +ACL +XZ +LZ4 +SECCOMP +BLKID +ELFUTILS +KMOD -IDN2 +IDN -PCRE2 default-hierarchy=hybrid
Oct 24 17:10:15 pkrvmuufc7wqmmx python3[1486]: 2022-10-24T17:10:15.667867Z INFO ExtHandler ExtHandler [CGI] Removed /etc/systemd/system/system-walinuxagent.extensions.slice
Oct 24 17:10:15 pkrvmuufc7wqmmx python3[1486]: 2022-10-24T17:10:15.668935Z INFO ExtHandler ExtHandler [CGI] Created /lib/systemd/system/azure.slice
Oct 24 17:10:15 pkrvmuufc7wqmmx python3[1486]: 2022-10-24T17:10:15.669313Z INFO ExtHandler ExtHandler [CGI] Created /lib/systemd/system/azure-vmextensions.slice
Oct 24 17:10:15 pkrvmuufc7wqmmx python3[1486]: 2022-10-24T17:10:15.669646Z INFO ExtHandler ExtHandler [CGI] Created /lib/systemd/system/azure-walinuxagent-logcollector.slice
Oct 24 17:10:15 pkrvmuufc7wqmmx python3[1486]: 2022-10-24T17:10:15.670091Z INFO ExtHandler ExtHandler [CGI] Created /lib/systemd/system/walinuxagent.service.d/10-Slice.conf
Oct 24 17:10:15 pkrvmuufc7wqmmx python3[1486]: 2022-10-24T17:10:15.670427Z INFO ExtHandler ExtHandler [CGI] Created /lib/systemd/system/walinuxagent.service.d/11-CPUAccounting.conf
